C:/TouchGFXProjects/2048-project/Core/Src/main.c:1005:13:SPI5_Write	16	static
C:/TouchGFXProjects/2048-project/Core/Src/main.c:262:6:SystemClock_Config	96	static
C:/TouchGFXProjects/2048-project/Core/Src/main.c:166:5:main	120	static
C:/TouchGFXProjects/2048-project/Core/Src/main.c:849:6:IOE_Init	0	static
C:/TouchGFXProjects/2048-project/Core/Src/main.c:858:6:IOE_ITConfig	0	static
C:/TouchGFXProjects/2048-project/Core/Src/main.c:870:6:IOE_Write	32	static
C:/TouchGFXProjects/2048-project/Core/Src/main.c:881:9:IOE_Read	32	static
C:/TouchGFXProjects/2048-project/Core/Src/main.c:894:10:IOE_ReadMultiple	24	static
C:/TouchGFXProjects/2048-project/Core/Src/main.c:903:6:IOE_Delay	0	static
C:/TouchGFXProjects/2048-project/Core/Src/main.c:1031:6:LCD_IO_Init	8	static
C:/TouchGFXProjects/2048-project/Core/Src/main.c:1041:6:LCD_IO_WriteData	16	static
C:/TouchGFXProjects/2048-project/Core/Src/main.c:1057:6:LCD_IO_WriteReg	16	static
C:/TouchGFXProjects/2048-project/Core/Src/main.c:1076:10:LCD_IO_ReadData	32	static
C:/TouchGFXProjects/2048-project/Core/Src/main.c:1103:6:LCD_Delay	0	static
C:/TouchGFXProjects/2048-project/Core/Src/main.c:1108:6:getDirection	8	static
C:/TouchGFXProjects/2048-project/Core/Src/main.c:1139:6:StartDefaultTask	32	static
C:/TouchGFXProjects/2048-project/Core/Src/main.c:1181:6:HAL_TIM_PeriodElapsedCallback	0	static
C:/TouchGFXProjects/2048-project/Core/Src/main.c:1199:6:Error_Handler	0	static
