Archive member included to satisfy reference by file (symbol)

../../Middlewares/ST/touchgfx/lib/core/cortex_m4f/gcc\libtouchgfx-float-abi-hard.a(AbstractPartition.o)
                              ./Application/User/TouchGFX/target/generated/TouchGFXConfiguration.o (touchgfx::AbstractPartition::getAllocationCount() const)
../../Middlewares/ST/touchgfx/lib/core/cortex_m4f/gcc\libtouchgfx-float-abi-hard.a(Container.o)
                              ./Application/User/generated/Screen1ViewBase.o (touchgfx::Container::contains(touchgfx::Drawable const&))
../../Middlewares/ST/touchgfx/lib/core/cortex_m4f/gcc\libtouchgfx-float-abi-hard.a(HAL.o)
                              ./Application/User/TouchGFX/target/TouchGFXHAL.o (touchgfx::HAL::drawDrawableInDynamicBitmap(touchgfx::Drawable&, unsigned short))
../../Middlewares/ST/touchgfx/lib/core/cortex_m4f/gcc\libtouchgfx-float-abi-hard.a(DMA.o)
                              ./Application/User/TouchGFX/target/generated/STM32DMA.o (touchgfx::DMA_Interface::seedExecution())
../../Middlewares/ST/touchgfx/lib/core/cortex_m4f/gcc\libtouchgfx-float-abi-hard.a(PainterRGB565LinearGradient.o)
                              ./Application/User/TouchGFX/target/generated/TouchGFXGeneratedHAL.o (vtable for touchgfx::PainterRGB565LinearGradient)
../../Middlewares/ST/touchgfx/lib/core/cortex_m4f/gcc\libtouchgfx-float-abi-hard.a(PainterRGB565.o)
                              ./Application/User/TouchGFX/target/generated/TouchGFXGeneratedHAL.o (vtable for touchgfx::PainterRGB565)
../../Middlewares/ST/touchgfx/lib/core/cortex_m4f/gcc\libtouchgfx-float-abi-hard.a(CWRVectorRenderer.o)
                              ./Application/User/TouchGFX/target/generated/TouchGFXGeneratedHAL.o (touchgfx::CWRVectorRenderer::tearDown())
../../Middlewares/ST/touchgfx/lib/core/cortex_m4f/gcc\libtouchgfx-float-abi-hard.a(CanvasWidget.o)
                              ./Application/User/TouchGFX/target/generated/TouchGFXGeneratedHAL.o (touchgfx::CanvasWidget::draw(touchgfx::Rect const&) const)
../../Middlewares/ST/touchgfx/lib/core/cortex_m4f/gcc\libtouchgfx-float-abi-hard.a(TextArea.o)
                              ./Application/User/generated/Screen2ViewBase.o (touchgfx::TextArea::getAlignment() const)
../../Middlewares/ST/touchgfx/lib/core/cortex_m4f/gcc\libtouchgfx-float-abi-hard.a(Box.o)
                              ./Application/User/generated/Screen1ViewBase.o (vtable for touchgfx::Box)
../../Middlewares/ST/touchgfx/lib/core/cortex_m4f/gcc\libtouchgfx-float-abi-hard.a(TextAreaWithWildcard.o)
                              ./Application/User/generated/Screen2ViewBase.o (touchgfx::TextAreaWithWildcardBase::draw(touchgfx::Rect const&) const)
../../Middlewares/ST/touchgfx/lib/core/cortex_m4f/gcc\libtouchgfx-float-abi-hard.a(BoxWithBorder.o)
                              ./Application/User/generated/Screen1ViewBase.o (vtable for touchgfx::BoxWithBorder)
../../Middlewares/ST/touchgfx/lib/core/cortex_m4f/gcc\libtouchgfx-float-abi-hard.a(Image.o)
                              ./Application/User/generated/Screen1ViewBase.o (touchgfx::Image::setBitmap(touchgfx::Bitmap const&))
../../Middlewares/ST/touchgfx/lib/core/cortex_m4f/gcc\libtouchgfx-float-abi-hard.a(Outline.o)
                              ../../Middlewares/ST/touchgfx/lib/core/cortex_m4f/gcc\libtouchgfx-float-abi-hard.a(CWRVectorRenderer.o) (touchgfx::Outline::~Outline())
../../Middlewares/ST/touchgfx/lib/core/cortex_m4f/gcc\libtouchgfx-float-abi-hard.a(CanvasWidgetRenderer.o)
                              ../../Middlewares/ST/touchgfx/lib/core/cortex_m4f/gcc\libtouchgfx-float-abi-hard.a(Outline.o) (touchgfx::CanvasWidgetRenderer::getOutlineBuffer())
../../Middlewares/ST/touchgfx/lib/core/cortex_m4f/gcc\libtouchgfx-float-abi-hard.a(LCD.o)
                              ../../Middlewares/ST/touchgfx/lib/core/cortex_m4f/gcc\libtouchgfx-float-abi-hard.a(TextArea.o) (touchgfx::LCD::stringWidth(touchgfx::TextProvider&, touchgfx::Font const&, int, unsigned char))
../../Middlewares/ST/touchgfx/lib/core/cortex_m4f/gcc\libtouchgfx-float-abi-hard.a(TouchCalibration.o)
                              ../../Middlewares/ST/touchgfx/lib/core/cortex_m4f/gcc\libtouchgfx-float-abi-hard.a(HAL.o) (touchgfx::TouchCalibration::translatePoint(touchgfx::Point&))
../../Middlewares/ST/touchgfx/lib/core/cortex_m4f/gcc\libtouchgfx-float-abi-hard.a(DisplayTransformation.o)
                              ../../Middlewares/ST/touchgfx/lib/core/cortex_m4f/gcc\libtouchgfx-float-abi-hard.a(HAL.o) (touchgfx::DisplayTransformation::transformFrameBufferToDisplay(short&, short&))
../../Middlewares/ST/touchgfx/lib/core/cortex_m4f/gcc\libtouchgfx-float-abi-hard.a(Application.o)
                              ./Application/User/generated/FrontendApplicationBase.o (touchgfx::Application::requestRedraw())
../../Middlewares/ST/touchgfx/lib/core/cortex_m4f/gcc\libtouchgfx-float-abi-hard.a(TypedText.o)
[...]
Memory Configuration

Name             Origin             Length             Attributes
CCMRAM           0x10000000         0x00010000         xrw
RAM              0x20000000         0x00030000         xrw
FLASH            0x08000000         0x00200000         xr
SDRAM            0xd0000000         0x00800000         xrw
*default*        0x00000000         0xffffffff

Linker script and memory map

LOAD C:/Environment/STMicroelectronics/STM32CubeIDE_1.18.0/STM32CubeIDE/plugins/com.st.stm32cube.ide.mcu.externaltools.gnu-tools-for-stm32.13.3.rel1.win32_1.0.0.202411081344/tools/bin/../lib/gcc/arm-none-eabi/13.3.1/thumb/v7e-m+fp/hard/crti.o
LOAD C:/Environment/STMicroelectronics/STM32CubeIDE_1.18.0/STM32CubeIDE/plugins/com.st.stm32cube.ide.mcu.externaltools.gnu-tools-for-stm32.13.3.rel1.win32_1.0.0.202411081344/tools/bin/../lib/gcc/arm-none-eabi/13.3.1/thumb/v7e-m+fp/hard/crtbegin.o
LOAD C:/Environment/STMicroelectronics/STM32CubeIDE_1.18.0/STM32CubeIDE/plugins/com.st.stm32cube.ide.mcu.externaltools.gnu-tools-for-stm32.13.3.rel1.win32_1.0.0.202411081344/tools/bin/../lib/gcc/arm-none-eabi/13.3.1/../../../../arm-none-eabi/lib/thumb/v7e-m+fp/hard/crt0.o
LOAD ./Application/Startup/startup_stm32f429zitx.o
LOAD ./Application/User/TouchGFX/App/app_touchgfx.o
LOAD ./Application/User/TouchGFX/target/STM32TouchController.o
LOAD ./Application/User/TouchGFX/target/TouchGFXGPIO.o
LOAD ./Application/User/TouchGFX/target/TouchGFXHAL.o
LOAD ./Application/User/TouchGFX/target/generated/OSWrappers.o
LOAD ./Application/User/TouchGFX/target/generated/STM32DMA.o
LOAD ./Application/User/TouchGFX/target/generated/TouchGFXConfiguration.o
LOAD ./Application/User/TouchGFX/target/generated/TouchGFXGeneratedHAL.o
LOAD ./Application/User/freertos.o
LOAD ./Application/User/main.o
LOAD ./Application/User/stm32f4xx_hal_msp.o
LOAD ./Application/User/stm32f4xx_hal_timebase_tim.o
LOAD ./Application/User/stm32f4xx_it.o
LOAD ./Application/User/syscalls.o
LOAD ./Application/User/sysmem.o
LOAD ./Application/User/generated/ApplicationFontProvider.o
LOAD ./Application/User/generated/BitmapDatabase.o
LOAD ./Application/User/generated/CachedFont.o
LOAD ./Application/User/generated/CompressedFontCache.o
LOAD ./Application/User/generated/CompressedUnmappedFontCache.o
LOAD ./Application/User/generated/FontCache.o
LOAD ./Application/User/generated/Font_segoeuib_14_4bpp_0.o
LOAD ./Application/User/generated/Font_segoeuib_15_4bpp_0.o
LOAD ./Application/User/generated/Font_segoeuib_17_4bpp_0.o
LOAD ./Application/User/generated/Font_segoeuib_20_4bpp_0.o
LOAD ./Application/User/generated/Font_segoeuib_30_4bpp_0.o
LOAD ./Application/User/generated/FrontendApplicationBase.o
LOAD ./Application/User/generated/GeneratedFont.o
LOAD ./Application/User/generated/Kerning_segoeuib_14_4bpp.o
LOAD ./Application/User/generated/Kerning_segoeuib_15_4bpp.o
LOAD ./Application/User/generated/Kerning_segoeuib_17_4bpp.o
LOAD ./Application/User/generated/Kerning_segoeuib_20_4bpp.o
LOAD ./Application/User/generated/Kerning_segoeuib_30_4bpp.o
LOAD ./Application/User/generated/LanguageGb.o
LOAD ./Application/User/generated/SVGDatabase.o
LOAD ./Application/User/generated/Screen1ViewBase.o
LOAD ./Application/User/generated/Screen2ViewBase.o
LOAD ./Application/User/generated/Table_segoeuib_14_4bpp.o
LOAD ./Application/User/generated/Table_segoeuib_15_4bpp.o
LOAD ./Application/User/generated/Table_segoeuib_17_4bpp.o
LOAD ./Application/User/generated/Table_segoeuib_20_4bpp.o
LOAD ./Application/User/generated/Table_segoeuib_30_4bpp.o
LOAD ./Application/User/generated/Texts.o
LOAD ./Application/User/generated/TypedTextDatabase.o
LOAD ./Application/User/generated/UnmappedDataFont.o
LOAD ./Application/User/generated/VectorFontRendererBuffers.o
LOAD ./Application/User/generated/image_Screenshot_2025-05-27_104616.o
LOAD ./Application/User/generated/image_logo-1-240x160.o
LOAD ./Application/User/generated/image_logo-2-80x80-2.o
LOAD ./Application/User/generated/image_logo-2-80x80.o
LOAD ./Application/User/gui/FrontendApplication.o
LOAD ./Application/User/gui/Model.o
LOAD ./Application/User/gui/Screen1Presenter.o
LOAD ./Application/User/gui/Screen1View.o
LOAD ./Application/User/gui/Screen2Presenter.o
LOAD ./Application/User/gui/Screen2View.o
LOAD ./Drivers/BSP/Components/ili9341.o
LOAD ./Drivers/BSP/Components/stmpe811.o
LOAD ./Drivers/CMSIS/system_stm32f4xx.o
LOAD ./Drivers/STM32F4xx_HAL_Driver/stm32f4xx_hal.o
LOAD ./Drivers/STM32F4xx_HAL_Driver/stm32f4xx_hal_adc.o
LOAD ./Drivers/STM32F4xx_HAL_Driver/stm32f4xx_hal_adc_ex.o
LOAD ./Drivers/STM32F4xx_HAL_Driver/stm32f4xx_hal_cortex.o
LOAD ./Drivers/STM32F4xx_HAL_Driver/stm32f4xx_hal_crc.o
LOAD ./Drivers/STM32F4xx_HAL_Driver/stm32f4xx_hal_dma.o
LOAD ./Drivers/STM32F4xx_HAL_Driver/stm32f4xx_hal_dma2d.o
LOAD ./Drivers/STM32F4xx_HAL_Driver/stm32f4xx_hal_dma_ex.o
LOAD ./Drivers/STM32F4xx_HAL_Driver/stm32f4xx_hal_dsi.o
LOAD ./Drivers/STM32F4xx_HAL_Driver/stm32f4xx_hal_exti.o
LOAD ./Drivers/STM32F4xx_HAL_Driver/stm32f4xx_hal_flash.o
LOAD ./Drivers/STM32F4xx_HAL_Driver/stm32f4xx_hal_flash_ex.o
LOAD ./Drivers/STM32F4xx_HAL_Driver/stm32f4xx_hal_flash_ramfunc.o
LOAD ./Drivers/STM32F4xx_HAL_Driver/stm32f4xx_hal_gpio.o
LOAD ./Drivers/STM32F4xx_HAL_Driver/stm32f4xx_hal_i2c.o
LOAD ./Drivers/STM32F4xx_HAL_Driver/stm32f4xx_hal_i2c_ex.o
LOAD ./Drivers/STM32F4xx_HAL_Driver/stm32f4xx_hal_ltdc.o
LOAD ./Drivers/STM32F4xx_HAL_Driver/stm32f4xx_hal_ltdc_ex.o
LOAD ./Drivers/STM32F4xx_HAL_Driver/stm32f4xx_hal_nand.o
LOAD ./Drivers/STM32F4xx_HAL_Driver/stm32f4xx_hal_nor.o
LOAD ./Drivers/STM32F4xx_HAL_Driver/stm32f4xx_hal_pccard.o
LOAD ./Drivers/STM32F4xx_HAL_Driver/stm32f4xx_hal_pwr.o
LOAD ./Drivers/STM32F4xx_HAL_Driver/stm32f4xx_hal_pwr_ex.o
LOAD ./Drivers/STM32F4xx_HAL_Driver/stm32f4xx_hal_rcc.o
LOAD ./Drivers/STM32F4xx_HAL_Driver/stm32f4xx_hal_rcc_ex.o
LOAD ./Drivers/STM32F4xx_HAL_Driver/stm32f4xx_hal_rng.o
LOAD ./Drivers/STM32F4xx_HAL_Driver/stm32f4xx_hal_sdram.o
LOAD ./Drivers/STM32F4xx_HAL_Driver/stm32f4xx_hal_spi.o
LOAD ./Drivers/STM32F4xx_HAL_Driver/stm32f4xx_hal_sram.o
LOAD ./Drivers/STM32F4xx_HAL_Driver/stm32f4xx_hal_tim.o
LOAD ./Drivers/STM32F4xx_HAL_Driver/stm32f4xx_hal_tim_ex.o
LOAD ./Drivers/STM32F4xx_HAL_Driver/stm32f4xx_ll_adc.o
LOAD ./Drivers/STM32F4xx_HAL_Driver/stm32f4xx_ll_fmc.o
LOAD ./Middlewares/FreeRTOS/cmsis_os2.o
LOAD ./Middlewares/FreeRTOS/croutine.o
LOAD ./Middlewares/FreeRTOS/event_groups.o
LOAD ./Middlewares/FreeRTOS/heap_4.o
LOAD ./Middlewares/FreeRTOS/list.o
LOAD ./Middlewares/FreeRTOS/port.o
LOAD ./Middlewares/FreeRTOS/queue.o
LOAD ./Middlewares/FreeRTOS/stream_buffer.o
LOAD ./Middlewares/FreeRTOS/tasks.o
LOAD ./Middlewares/FreeRTOS/timers.o
LOAD ../../Middlewares/ST/touchgfx/lib/core/cortex_m4f/gcc\libtouchgfx-float-abi-hard.a
START GROUP
LOAD C:/Environment/STMicroelectronics/STM32CubeIDE_1.18.0/STM32CubeIDE/plugins/com.st.stm32cube.ide.mcu.externaltools.gnu-tools-for-stm32.13.3.rel1.win32_1.0.0.202411081344/tools/bin/../lib/gcc/arm-none-eabi/13.3.1/../../../../arm-none-eabi/lib/thumb/v7e-m+fp/hard\libstdc++_nano.a
LOAD C:/Environment/STMicroelectronics/STM32CubeIDE_1.18.0/STM32CubeIDE/plugins/com.st.stm32cube.ide.mcu.externaltools.gnu-tools-for-stm32.13.3.rel1.win32_1.0.0.202411081344/tools/bin/../lib/gcc/arm-none-eabi/13.3.1/../../../../arm-none-eabi/lib/thumb/v7e-m+fp/hard\libsupc++_nano.a
END GROUP
LOAD C:/Environment/STMicroelectronics/STM32CubeIDE_1.18.0/STM32CubeIDE/plugins/com.st.stm32cube.ide.mcu.externaltools.gnu-tools-for-stm32.13.3.rel1.win32_1.0.0.202411081344/tools/bin/../lib/gcc/arm-none-eabi/13.3.1/../../../../arm-none-eabi/lib/thumb/v7e-m+fp/hard\libstdc++_nano.a
LOAD C:/Environment/STMicroelectronics/STM32CubeIDE_1.18.0/STM32CubeIDE/plugins/com.st.stm32cube.ide.mcu.externaltools.gnu-tools-for-stm32.13.3.rel1.win32_1.0.0.202411081344/tools/bin/../lib/gcc/arm-none-eabi/13.3.1/../../../../arm-none-eabi/lib/thumb/v7e-m+fp/hard\libm.a
LOAD C:/Environment/STMicroelectronics/STM32CubeIDE_1.18.0/STM32CubeIDE/plugins/com.st.stm32cube.ide.mcu.externaltools.gnu-tools-for-stm32.13.3.rel1.win32_1.0.0.202411081344/tools/bin/../lib/gcc/arm-none-eabi/13.3.1/../../../../arm-none-eabi/lib/thumb/v7e-m+fp/hard\libc_nano.a
START GROUP
LOAD C:/Environment/STMicroelectronics/STM32CubeIDE_1.18.0/STM32CubeIDE/plugins/com.st.stm32cube.ide.mcu.externaltools.gnu-tools-for-stm32.13.3.rel1.win32_1.0.0.202411081344/tools/bin/../lib/gcc/arm-none-eabi/13.3.1/thumb/v7e-m+fp/hard\libgcc.a
LOAD C:/Environment/STMicroelectronics/STM32CubeIDE_1.18.0/STM32CubeIDE/plugins/com.st.stm32cube.ide.mcu.externaltools.gnu-tools-for-stm32.13.3.rel1.win32_1.0.0.202411081344/tools/bin/../lib/gcc/arm-none-eabi/13.3.1/../../../../arm-none-eabi/lib/thumb/v7e-m+fp/hard\libc_nano.a
END GROUP
START GROUP
LOAD C:/Environment/STMicroelectronics/STM32CubeIDE_1.18.0/STM32CubeIDE/plugins/com.st.stm32cube.ide.mcu.externaltools.gnu-tools-for-stm32.13.3.rel1.win32_1.0.0.202411081344/tools/bin/../lib/gcc/arm-none-eabi/13.3.1/thumb/v7e-m+fp/hard\libgcc.a
LOAD C:/Environment/STMicroelectronics/STM32CubeIDE_1.18.0/STM32CubeIDE/plugins/com.st.stm32cube.ide.mcu.externaltools.gnu-tools-for-stm32.13.3.rel1.win32_1.0.0.202411081344/tools/bin/../lib/gcc/arm-none-eabi/13.3.1/../../../../arm-none-eabi/lib/thumb/v7e-m+fp/hard\libc_nano.a
LOAD C:/Environment/STMicroelectronics/STM32CubeIDE_1.18.0/STM32CubeIDE/plugins/com.st.stm32cube.ide.mcu.externaltools.gnu-tools-for-stm32.13.3.rel1.win32_1.0.0.202411081344/tools/bin/../lib/gcc/arm-none-eabi/13.3.1/../../../../arm-none-eabi/lib/thumb/v7e-m+fp/hard\libnosys.a
END GROUP
START GROUP
LOAD C:/Environment/STMicroelectronics/STM32CubeIDE_1.18.0/STM32CubeIDE/plugins/com.st.stm32cube.ide.mcu.externaltools.gnu-tools-for-stm32.13.3.rel1.win32_1.0.0.202411081344/tools/bin/../lib/gcc/arm-none-eabi/13.3.1/thumb/v7e-m+fp/hard\libgcc.a
LOAD C:/Environment/STMicroelectronics/STM32CubeIDE_1.18.0/STM32CubeIDE/plugins/com.st.stm32cube.ide.mcu.externaltools.gnu-tools-for-stm32.13.3.rel1.win32_1.0.0.202411081344/tools/bin/../lib/gcc/arm-none-eabi/13.3.1/../../../../arm-none-eabi/lib/thumb/v7e-m+fp/hard\libc_nano.a
LOAD C:/Environment/STMicroelectronics/STM32CubeIDE_1.18.0/STM32CubeIDE/plugins/com.st.stm32cube.ide.mcu.externaltools.gnu-tools-for-stm32.13.3.rel1.win32_1.0.0.202411081344/tools/bin/../lib/gcc/arm-none-eabi/13.3.1/../../../../arm-none-eabi/lib/thumb/v7e-m+fp/hard\libnosys.a
END GROUP
LOAD C:/Environment/STMicroelectronics/STM32CubeIDE_1.18.0/STM32CubeIDE/plugins/com.st.stm32cube.ide.mcu.externaltools.gnu-tools-for-stm32.13.3.rel1.win32_1.0.0.202411081344/tools/bin/../lib/gcc/arm-none-eabi/13.3.1/thumb/v7e-m+fp/hard/crtend.o
LOAD C:/Environment/STMicroelectronics/STM32CubeIDE_1.18.0/STM32CubeIDE/plugins/com.st.stm32cube.ide.mcu.externaltools.gnu-tools-for-stm32.13.3.rel1.win32_1.0.0.202411081344/tools/bin/../lib/gcc/arm-none-eabi/13.3.1/thumb/v7e-m+fp/hard/crtn.o
                0x20030000                        _estack = (ORIGIN (RAM) + LENGTH (RAM))
                0x00000a00                        _Min_Heap_Size = 0xa00
                0x00000a00                        _Min_Stack_Size = 0xa00

.isr_vector     0x08000000      0x1ac
                0x08000000                        . = ALIGN (0x4)
 *(.isr_vector)
 .isr_vector    0x08000000      0x1ac ./Application/Startup/startup_stm32f429zitx.o
                0x08000000                g_pfnVectors
                0x080001ac                        . = ALIGN (0x4)

.text           0x080001b0    0x24b14
                0x080001b0                        . = ALIGN (0x4)
 *(.text)
 .text          0x080001b0       0x40 C:/Environment/STMicroelectronics/STM32CubeIDE_1.18.0/STM32CubeIDE/plugins/com.st.stm32cube.ide.mcu.externaltools.gnu-tools-for-stm32.13.3.rel1.win32_1.0.0.202411081344/tools/bin/../lib/gcc/arm-none-eabi/13.3.1/thumb/v7e-m+fp/hard/crtbegin.o
 .text          0x080001f0       0xa0 C:/Environment/STMicroelectronics/STM32CubeIDE_1.18.0/STM32CubeIDE/plugins/com.st.stm32cube.ide.mcu.externaltools.gnu-tools-for-stm32.13.3.rel1.win32_1.0.0.202411081344/tools/bin/../lib/gcc/arm-none-eabi/13.3.1/../../../../arm-none-eabi/lib/thumb/v7e-m+fp/hard\libc_nano.a(libc_a-memchr.o)
                0x080001f0                memchr
 .text          0x08000290       0xa0 C:/Environment/STMicroelectronics/STM32CubeIDE_1.18.0/STM32CubeIDE/plugins/com.st.stm32cube.ide.mcu.externaltools.gnu-tools-for-stm32.13.3.rel1.win32_1.0.0.202411081344/tools/bin/../lib/gcc/arm-none-eabi/13.3.1/thumb/v7e-m+fp/hard\libgcc.a(_aeabi_ldivmod.o)
                0x08000290                __aeabi_ldivmod
 .text          0x08000330       0x30 C:/Environment/STMicroelectronics/STM32CubeIDE_1.18.0/STM32CubeIDE/plugins/com.st.stm32cube.ide.mcu.externaltools.gnu-tools-for-stm32.13.3.rel1.win32_1.0.0.202411081344/tools/bin/../lib/gcc/arm-none-eabi/13.3.1/thumb/v7e-m+fp/hard\libgcc.a(_aeabi_uldivmod.o)
                0x08000330                __aeabi_uldivmod
 .text          0x08000360      0x2f8 C:/Environment/STMicroelectronics/STM32CubeIDE_1.18.0/STM32CubeIDE/plugins/com.st.stm32cube.ide.mcu.externaltools.gnu-tools-for-stm32.13.3.rel1.win32_1.0.0.202411081344/tools/bin/../lib/gcc/arm-none-eabi/13.3.1/thumb/v7e-m+fp/hard\libgcc.a(_udivmoddi4.o)
                0x08000360                __udivmoddi4
 .text          0x08000658        0x4 C:/Environment/STMicroelectronics/STM32CubeIDE_1.18.0/STM32CubeIDE/plugins/com.st.stm32cube.ide.mcu.externaltools.gnu-tools-for-stm32.13.3.rel1.win32_1.0.0.202411081344/tools/bin/../lib/gcc/arm-none-eabi/13.3.1/thumb/v7e-m+fp/hard\libgcc.a(_dvmd_tls.o)
                0x08000658                __aeabi_idiv0
                0x08000658                __aeabi_ldiv0
 *(.text*)
 .text.Reset_Handler
                0x0800065c       0x50 ./Application/Startup/startup_stm32f429zitx.o
                0x0800065c                Reset_Handler
 .text.Default_Handler
                0x080006ac        0x2 ./Application/Startup/startup_stm32f429zitx.o
                0x080006ac                RTC_Alarm_IRQHandler
                0x080006ac                HASH_RNG_IRQHandler
                0x080006ac                EXTI2_IRQHandler
                0x080006ac                TIM8_CC_IRQHandler
                0x080006ac                UART8_IRQHandler
                0x080006ac                SPI4_IRQHandler
                0x080006ac                TIM1_CC_IRQHandler
                0x080006ac                DMA2_Stream5_IRQHandler
                0x080006ac                DMA1_Stream5_IRQHandler
                0x080006ac                PVD_IRQHandler
                0x080006ac                SDIO_IRQHandler
                0x080006ac                TAMP_STAMP_IRQHandler
                0x080006ac                CAN2_RX1_IRQHandler
                0x080006ac                EXTI3_IRQHandler
                0x080006ac                TIM8_TRG_COM_TIM14_IRQHandler
                0x080006ac                TIM1_UP_TIM10_IRQHandler
                0x080006ac                TIM8_UP_TIM13_IRQHandler
                0x080006ac                I2C3_ER_IRQHandler
                0x080006ac                EXTI0_IRQHandler
                0x080006ac                I2C2_EV_IRQHandler
                0x080006ac                DMA1_Stream2_IRQHandler
                0x080006ac                CAN1_RX0_IRQHandler
                0x080006ac                FPU_IRQHandler
                0x080006ac                OTG_HS_WKUP_IRQHandler
                0x080006ac                LTDC_ER_IRQHandler
                0x080006ac                CAN2_SCE_IRQHandler
                0x080006ac                DMA2_Stream2_IRQHandler
                0x080006ac                SPI1_IRQHandler
                0x080006ac                TIM1_BRK_TIM9_IRQHandler
                0x080006ac                DCMI_IRQHandler
                0x080006ac                CAN2_RX0_IRQHandler
                0x080006ac                DMA2_Stream3_IRQHandler
                0x080006ac                USART6_IRQHandler
                0x080006ac                USART3_IRQHandler
                0x080006ac                CAN1_RX1_IRQHandler
                0x080006ac                UART5_IRQHandler
                0x080006ac                DMA2_Stream0_IRQHandler
                0x080006ac                TIM4_IRQHandler
                0x080006ac                I2C1_EV_IRQHandler
                0x080006ac                DMA1_Stream6_IRQHandler
                0x080006ac                DMA1_Stream1_IRQHandler
                0x080006ac                UART4_IRQHandler
                0x080006ac                TIM3_IRQHandler
                0x080006ac                RCC_IRQHandler
                0x080006ac                TIM8_BRK_TIM12_IRQHandler
                0x080006ac                Default_Handler
                0x080006ac                EXTI15_10_IRQHandler
                0x080006ac                ADC_IRQHandler
                0x080006ac                DMA1_Stream7_IRQHandler
                0x080006ac                SPI5_IRQHandler
                0x080006ac                TIM7_IRQHandler
                0x080006ac                CAN2_TX_IRQHandler
                0x080006ac                TIM5_IRQHandler
                0x080006ac                DMA2_Stream7_IRQHandler
                0x080006ac                I2C3_EV_IRQHandler
                0x080006ac                EXTI9_5_IRQHandler
                0x080006ac                RTC_WKUP_IRQHandler
                0x080006ac                ETH_WKUP_IRQHandler
                0x080006ac                SPI2_IRQHandler
                0x080006ac                OTG_HS_EP1_IN_IRQHandler
                0x080006ac                DMA1_Stream0_IRQHandler
                0x080006ac                CAN1_TX_IRQHandler
                0x080006ac                EXTI4_IRQHandler
                0x080006ac                ETH_IRQHandler
                0x080006ac                OTG_HS_EP1_OUT_IRQHandler
                0x080006ac                WWDG_IRQHandler
                0x080006ac                SPI6_IRQHandler
                0x080006ac                TIM2_IRQHandler
                0x080006ac                OTG_FS_WKUP_IRQHandler
                0x080006ac                TIM1_TRG_COM_TIM11_IRQHandler
                0x080006ac                OTG_HS_IRQHandler
                0x080006ac                EXTI1_IRQHandler
                0x080006ac                UART7_IRQHandler
                0x080006ac                USART2_IRQHandler
                0x080006ac                I2C2_ER_IRQHandler
                0x080006ac                DMA2_Stream1_IRQHandler
                0x080006ac                CAN1_SCE_IRQHandler
                0x080006ac                FLASH_IRQHandler
                0x080006ac                DMA2_Stream4_IRQHandler
                0x080006ac                USART1_IRQHandler
                0x080006ac                OTG_FS_IRQHandler
                0x080006ac                SPI3_IRQHandler
                0x080006ac                DMA1_Stream4_IRQHandler
                0x080006ac                I2C1_ER_IRQHandler
                0x080006ac                FMC_IRQHandler
                0x080006ac                DMA2_Stream6_IRQHandler
                0x080006ac                SAI1_IRQHandler
                0x080006ac                DMA1_Stream3_IRQHandler
 .text.MX_TouchGFX_PreOSInit
                0x080006ae        0x2 ./Application/User/TouchGFX/App/app_touchgfx.o
                0x080006ae                MX_TouchGFX_PreOSInit
 .text.MX_TouchGFX_Init
                0x080006b0        0xe ./Application/User/TouchGFX/App/app_touchgfx.o
                0x080006b0                MX_TouchGFX_Init
 .text.TouchGFX_Task
                0x080006be        0x4 ./Application/User/TouchGFX/App/app_touchgfx.o
                0x080006be                TouchGFX_Task
 .text._ZN20STM32TouchControllerD2Ev
                0x080006c2        0x2 ./Application/User/TouchGFX/target/STM32TouchController.o
                0x080006c2                STM32TouchController::~STM32TouchController()
                0x080006c2                STM32TouchController::~STM32TouchController()
 .text._ZN20STM32TouchControllerD0Ev
                0x080006c4        0xe ./Application/User/TouchGFX/target/STM32TouchController.o
                0x080006c4                STM32TouchController::~STM32TouchController()
 *fill*         0x080006d2        0x2 
 .text._Z11BSP_TS_Inittt
                0x080006d4       0x44 ./Application/User/TouchGFX/target/STM32TouchController.o
                0x080006d4                BSP_TS_Init(unsigned short, unsigned short)
 .text._ZN20STM32TouchController4initEv
                0x08000718        0xa ./Application/User/TouchGFX/target/STM32TouchController.o
                0x08000718                STM32TouchController::init()
 *fill*         0x08000722        0x2 
 .text._Z15BSP_TS_GetStateP15TS_StateTypeDef
                0x08000724      0x100 ./Application/User/TouchGFX/target/STM32TouchController.o
                0x08000724                BSP_TS_GetState(TS_StateTypeDef*)
 .text._ZN20STM32TouchController11sampleTouchERlS0_
                0x08000824       0x24 ./Application/User/TouchGFX/target/STM32TouchController.o
                0x08000824                STM32TouchController::sampleTouch(long&, long&)
 .text._ZN8touchgfx4GPIO3setENS0_7GPIO_IDE
                0x08000848       0x54 ./Application/User/TouchGFX/target/TouchGFXGPIO.o
                0x08000848                touchgfx::GPIO::set(touchgfx::GPIO::GPIO_ID)
 .text._ZN8touchgfx4GPIO5clearENS0_7GPIO_IDE
                0x0800089c       0x54 ./Application/User/TouchGFX/target/TouchGFXGPIO.o
                0x0800089c                touchgfx::GPIO::clear(touchgfx::GPIO::GPIO_ID)
 .text._ZN8touchgfx4GPIO6toggleENS0_7GPIO_IDE
                0x080008f0       0x28 ./Application/User/TouchGFX/target/TouchGFXGPIO.o
                0x080008f0                touchgfx::GPIO::toggle(touchgfx::GPIO::GPIO_ID)
 .text._ZN8touchgfx4GPIO3getENS0_7GPIO_IDE
                0x08000918       0x34 ./Application/User/TouchGFX/target/TouchGFXGPIO.o
                0x08000918                touchgfx::GPIO::get(touchgfx::GPIO::GPIO_ID)
 .text._ZN8touchgfx4GPIO4initEv
                0x0800094c       0x28 ./Application/User/TouchGFX/target/TouchGFXGPIO.o
                0x0800094c                touchgfx::GPIO::init()
 .text._ZN8touchgfx3HAL21setDisplayOrientationENS_18DisplayOrientationE
                0x08000974        0xc ./Application/User/TouchGFX/target/TouchGFXHAL.o
                0x08000974                touchgfx::HAL::setDisplayOrientation(touchgfx::DisplayOrientation)
 .text._ZN8touchgfx3HAL11submitGPU2DEv
                0x08000980        0x2 ./Application/User/TouchGFX/target/TouchGFXHAL.o
                0x08000980                touchgfx::HAL::submitGPU2D()
 .text._ZN8touchgfx3HAL9sampleKeyERh
                0x08000982        0x4 ./Application/User/TouchGFX/target/TouchGFXHAL.o
                0x08000982                touchgfx::HAL::sampleKey(unsigned char&)
 *fill*         0x08000986        0x2 
 .text._ZN8touchgfx3HAL19setAnimationStorageEPv
                0x08000988       0x14 ./Application/User/TouchGFX/target/TouchGFXHAL.o
                0x08000988                touchgfx::HAL::setAnimationStorage(void*)
 .text._ZN8touchgfx3HAL16waitForLTDCLinesEt
                0x0800099c        0x2 ./Application/User/TouchGFX/target/TouchGFXHAL.o
                0x0800099c                touchgfx::HAL::waitForLTDCLines(unsigned short)
 .text._ZNK8touchgfx3HAL18getFlashDataReaderEv
                0x0800099e        0x4 ./Application/User/TouchGFX/target/TouchGFXHAL.o
                0x0800099e                touchgfx::HAL::getFlashDataReader() const
 .text._ZN8touchgfx3HAL9taskDelayEt
                0x080009a2        0xa ./Application/User/TouchGFX/target/TouchGFXHAL.o
                0x080009a2                touchgfx::HAL::taskDelay(unsigned short)
 .text._ZN8touchgfx3HAL17getTFTCurrentLineEv
                0x080009ac        0x6 ./Application/User/TouchGFX/target/TouchGFXHAL.o
                0x080009ac                touchgfx::HAL::getTFTCurrentLine()
 .text._ZN8touchgfx3HAL10getDMATypeEv
                0x080009b2        0x8 ./Application/User/TouchGFX/target/TouchGFXHAL.o
                0x080009b2                touchgfx::HAL::getDMAType()
 .text._ZN8touchgfx3HAL25partialLTDCDeadlineMissedEv
                0x080009ba        0x2 ./Application/User/TouchGFX/target/TouchGFXHAL.o
                0x080009ba                touchgfx::HAL::partialLTDCDeadlineMissed()
 .text._ZN8touchgfx3HAL15InvalidateCacheEv
                0x080009bc        0x2 ./Application/User/TouchGFX/target/TouchGFXHAL.o
                0x080009bc                touchgfx::HAL::InvalidateCache()
 .text._ZN8touchgfx3HAL10FlushCacheEv
                0x080009be        0x2 ./Application/User/TouchGFX/target/TouchGFXHAL.o
                0x080009be                touchgfx::HAL::FlushCache()
 .text._ZN8touchgfx3HAL22InvalidateTextureCacheEv
                0x080009c0        0x2 ./Application/User/TouchGFX/target/TouchGFXHAL.o
                0x080009c0                touchgfx::HAL::InvalidateTextureCache()
 .text._ZN11TouchGFXHALD2Ev
                0x080009c2        0x2 ./Application/User/TouchGFX/target/TouchGFXHAL.o
                0x080009c2                TouchGFXHAL::~TouchGFXHAL()
                0x080009c2                TouchGFXHAL::~TouchGFXHAL()
 .text._ZN11TouchGFXHAL10initializeEv
                0x080009c4       0x1c ./Application/User/TouchGFX/target/TouchGFXHAL.o
                0x080009c4                TouchGFXHAL::initialize()
 .text._ZN11TouchGFXHAL9taskEntryEv
                0x080009e0       0x34 ./Application/User/TouchGFX/target/TouchGFXHAL.o
                0x080009e0                TouchGFXHAL::taskEntry()
 .text._ZN8touchgfx3HAL15backPorchExitedEv
                0x08000a14       0x16 ./Application/User/TouchGFX/target/TouchGFXHAL.o
                0x08000a14                touchgfx::HAL::backPorchExited()
 .text._ZNK11TouchGFXHAL17getTFTFrameBufferEv
                0x08000a2a        0x4 ./Application/User/TouchGFX/target/TouchGFXHAL.o
                0x08000a2a                TouchGFXHAL::getTFTFrameBuffer() const
 .text._ZN11TouchGFXHAL17setTFTFrameBufferEPt
                0x08000a2e        0x4 ./Application/User/TouchGFX/target/TouchGFXHAL.o
                0x08000a2e                TouchGFXHAL::setTFTFrameBuffer(unsigned short*)
 .text._ZN11TouchGFXHAL16flushFrameBufferERKN8touchgfx4RectE
                0x08000a32        0x4 ./Application/User/TouchGFX/target/TouchGFXHAL.o
                0x08000a32                TouchGFXHAL::flushFrameBuffer(touchgfx::Rect const&)
 .text._ZN11TouchGFXHAL19configureInterruptsEv
                0x08000a36        0x4 ./Application/User/TouchGFX/target/TouchGFXHAL.o
                0x08000a36                TouchGFXHAL::configureInterrupts()
 .text._ZN11TouchGFXHAL16enableInterruptsEv
                0x08000a3a        0x4 ./Application/User/TouchGFX/target/TouchGFXHAL.o
                0x08000a3a                TouchGFXHAL::enableInterrupts()
 .text._ZN11TouchGFXHAL17disableInterruptsEv
                0x08000a3e        0x4 ./Application/User/TouchGFX/target/TouchGFXHAL.o
                0x08000a3e                TouchGFXHAL::disableInterrupts()
 .text._ZN11TouchGFXHAL28enableLCDControllerInterruptEv
                0x08000a42        0x4 ./Application/User/TouchGFX/target/TouchGFXHAL.o
                0x08000a42                TouchGFXHAL::enableLCDControllerInterrupt()
 .text._ZN11TouchGFXHAL16flushFrameBufferEv
                0x08000a46        0x4 ./Application/User/TouchGFX/target/TouchGFXHAL.o
                0x08000a46                TouchGFXHAL::flushFrameBuffer()
 .text._ZN11TouchGFXHALD0Ev
                0x08000a4a        0xe ./Application/User/TouchGFX/target/TouchGFXHAL.o
                0x08000a4a                TouchGFXHAL::~TouchGFXHAL()
 .text._ZN8touchgfx3HAL31performDisplayOrientationChangeEv
                0x08000a58       0x48 ./Application/User/TouchGFX/target/TouchGFXHAL.o
                0x08000a58                touchgfx::HAL::performDisplayOrientationChange()
 .text._ZN8touchgfx3HAL28setFrameBufferStartAddressesEPvS1_S1_
                0x08000aa0       0x40 ./Application/User/TouchGFX/target/TouchGFXHAL.o
                0x08000aa0                touchgfx::HAL::setFrameBufferStartAddresses(void*, void*, void*)
 .text._ZN8touchgfx3HAL18setFrameBufferSizeEtt
                0x08000ae0       0x44 ./Application/User/TouchGFX/target/TouchGFXHAL.o
                0x08000ae0                touchgfx::HAL::setFrameBufferSize(unsigned short, unsigned short)
 .text._ZN8touchgfx3HAL11getBlitCapsEv
                0x08000b24       0x12 ./Application/User/TouchGFX/target/TouchGFXHAL.o
                0x08000b24                touchgfx::HAL::getBlitCaps()
 *fill*         0x08000b36        0x2 
 .text._ZN8touchgfx10OSWrappers10initializeEv
                0x08000b38       0x50 ./Application/User/TouchGFX/target/generated/OSWrappers.o
                0x08000b38                touchgfx::OSWrappers::initialize()
 .text._ZN8touchgfx10OSWrappers24takeFrameBufferSemaphoreEv
                0x08000b88       0x10 ./Application/User/TouchGFX/target/generated/OSWrappers.o
                0x08000b88                touchgfx::OSWrappers::takeFrameBufferSemaphore()
 .text._ZN8touchgfx10OSWrappers24giveFrameBufferSemaphoreEv
                0x08000b98        0xc ./Application/User/TouchGFX/target/generated/OSWrappers.o
                0x08000b98                touchgfx::OSWrappers::giveFrameBufferSemaphore()
 .text._ZN8touchgfx10OSWrappers27tryTakeFrameBufferSemaphoreEv
                0x08000ba4       0x10 ./Application/User/TouchGFX/target/generated/OSWrappers.o
                0x08000ba4                touchgfx::OSWrappers::tryTakeFrameBufferSemaphore()
 .text._ZN8touchgfx10OSWrappers31giveFrameBufferSemaphoreFromISREv
                0x08000bb4        0x4 ./Application/User/TouchGFX/target/generated/OSWrappers.o
                0x08000bb4                touchgfx::OSWrappers::giveFrameBufferSemaphoreFromISR()
 .text._ZN8touchgfx10OSWrappers11signalVSyncEv
                0x08000bb8       0x18 ./Application/User/TouchGFX/target/generated/OSWrappers.o
                0x08000bb8                touchgfx::OSWrappers::signalVSync()
 .text._ZN8touchgfx10OSWrappers12waitForVSyncEv
                0x08000bd0       0x28 ./Application/User/TouchGFX/target/generated/OSWrappers.o
                0x08000bd0                touchgfx::OSWrappers::waitForVSync()
 .text._ZN8touchgfx13DMA_Interface5flushEv
                0x08000bf8        0x6 ./Application/User/TouchGFX/target/generated/STM32DMA.o
                0x08000bf8                touchgfx::DMA_Interface::flush()
 .text._ZN8STM32DMA10getDMATypeEv
                0x08000bfe        0x4 ./Application/User/TouchGFX/target/generated/STM32DMA.o
                0x08000bfe                STM32DMA::getDMAType()
 .text._ZN8STM32DMA18signalDMAInterruptEv
                0x08000c02        0x6 ./Application/User/TouchGFX/target/generated/STM32DMA.o
                0x08000c02                STM32DMA::signalDMAInterrupt()
 .text.DMA2D_XferErrorCallback
                0x08000c08        0x2 ./Application/User/TouchGFX/target/generated/STM32DMA.o
 .text._ZN8STM32DMA11getBlitCapsEv
                0x08000c0a        0x6 ./Application/User/TouchGFX/target/generated/STM32DMA.o
                0x08000c0a                STM32DMA::getBlitCaps()
 .text._ZN8STM32DMAD2Ev
                0x08000c10       0x20 ./Application/User/TouchGFX/target/generated/STM32DMA.o
                0x08000c10                STM32DMA::~STM32DMA()
                0x08000c10                STM32DMA::~STM32DMA()
 .text._ZN8STM32DMAD0Ev
                0x08000c30       0x16 ./Application/User/TouchGFX/target/generated/STM32DMA.o
                0x08000c30                STM32DMA::~STM32DMA()
 *fill*         0x08000c46        0x2 
 .text._ZN8STM32DMA10initializeEv
                0x08000c48       0x54 ./Application/User/TouchGFX/target/generated/STM32DMA.o
                0x08000c48                STM32DMA::initialize()
 .text._ZN8STM32DMA23getChromARTOutputFormatEN8touchgfx6Bitmap12BitmapFormatE.isra.0
                0x08000c9c       0x3c ./Application/User/TouchGFX/target/generated/STM32DMA.o
 .text._ZN8STM32DMA13setupDataFillERKN8touchgfx6BlitOpE
                0x08000cd8       0x78 ./Application/User/TouchGFX/target/generated/STM32DMA.o
                0x08000cd8                STM32DMA::setupDataFill(touchgfx::BlitOp const&)
 .text._ZN8STM32DMA22getChromARTInputFormatEN8touchgfx6Bitmap12BitmapFormatE.isra.0
                0x08000d50       0x40 ./Application/User/TouchGFX/target/generated/STM32DMA.o
 .text._ZN8STM32DMA13setupDataCopyERKN8touchgfx6BlitOpE
                0x08000d90      0x158 ./Application/User/TouchGFX/target/generated/STM32DMA.o
                0x08000d90                STM32DMA::setupDataCopy(touchgfx::BlitOp const&)
 .text.DMA2D_XferCpltCallback
                0x08000ee8       0x10 ./Application/User/TouchGFX/target/generated/STM32DMA.o
 .text._ZN8STM32DMAC2Ev
                0x08000ef8       0x34 ./Application/User/TouchGFX/target/generated/STM32DMA.o
                0x08000ef8                STM32DMA::STM32DMA()
                0x08000ef8                STM32DMA::STM32DMA()
 .text._ZN8touchgfx5paint8tearDownEv
                0x08000f2c       0x14 ./Application/User/TouchGFX/target/generated/STM32DMA.o
                0x08000f2c                touchgfx::paint::tearDown()
 .text._ZN8touchgfx5paint9flushLineEPmi
                0x08000f40        0x2 ./Application/User/TouchGFX/target/generated/STM32DMA.o
                0x08000f40                touchgfx::paint::flushLine(unsigned long*, int)
 *fill*         0x08000f42        0x2 
 .text._ZN8touchgfx5paint6rgb56513lineFromColorEPtjmhm
                0x08000f44       0x50 ./Application/User/TouchGFX/target/generated/STM32DMA.o
                0x08000f44                touchgfx::paint::rgb565::lineFromColor(unsigned short*, unsigned int, unsigned long, unsigned char, unsigned long)
 .text._ZN8touchgfx5paint6rgb56514lineFromRGB565EPtPKtjh
                0x08000f94       0x48 ./Application/User/TouchGFX/target/generated/STM32DMA.o
                0x08000f94                touchgfx::paint::rgb565::lineFromRGB565(unsigned short*, unsigned short const*, unsigned int, unsigned char)
 .text._ZN8touchgfx5paint6rgb56516lineFromARGB8888EPtPKmjh
                0x08000fdc       0x38 ./Application/User/TouchGFX/target/generated/STM32DMA.o
                0x08000fdc                touchgfx::paint::rgb565::lineFromARGB8888(unsigned short*, unsigned long const*, unsigned int, unsigned char)
 .text._ZNK8touchgfx9PartitionINS_4meta8TypeListINS_12NoTransitionENS2_INS1_3NilES4_EEEELt1EE8capacityEv
                0x08001014        0x4 ./Application/User/TouchGFX/target/generated/TouchGFXConfiguration.o
                0x08001014                touchgfx::Partition<touchgfx::meta::TypeList<touchgfx::NoTransition, touchgfx::meta::TypeList<touchgfx::meta::Nil, touchgfx::meta::Nil> >, (unsigned short)1>::capacity() const
 .text._ZN8touchgfx9PartitionINS_4meta8TypeListINS_12NoTransitionENS2_INS1_3NilES4_EEEELt1EE12element_sizeEv
                0x08001018        0x4 ./Application/User/TouchGFX/target/generated/TouchGFXConfiguration.o
                0x08001018                touchgfx::Partition<touchgfx::meta::TypeList<touchgfx::NoTransition, touchgfx::meta::TypeList<touchgfx::meta::Nil, touchgfx::meta::Nil> >, (unsigned short)1>::element_size()
 .text._ZN8touchgfx9PartitionINS_4meta8TypeListINS_12NoTransitionENS2_INS1_3NilES4_EEEELt1EE7elementEt
                0x0800101c        0xa ./Application/User/TouchGFX/target/generated/TouchGFXConfiguration.o
                0x0800101c                touchgfx::Partition<touchgfx::meta::TypeList<touchgfx::NoTransition, touchgfx::meta::TypeList<touchgfx::meta::Nil, touchgfx::meta::Nil> >, (unsigned short)1>::element(unsigned short)
 .text._ZNK8touchgfx9PartitionINS_4meta8TypeListINS_12NoTransitionENS2_INS1_3NilES4_EEEELt1EE7elementEt
                0x08001026        0xa ./Application/User/TouchGFX/target/generated/TouchGFXConfiguration.o
                0x08001026                touchgfx::Partition<touchgfx::meta::TypeList<touchgfx::NoTransition, touchgfx::meta::TypeList<touchgfx::meta::Nil, touchgfx::meta::Nil> >, (unsigned short)1>::element(unsigned short) const
 .text._ZNK8touchgfx9PartitionINS_4meta8TypeListI11Screen2ViewNS2_INS1_3NilES4_EEEELt1EE8capacityEv
                0x08001030        0x4 ./Application/User/TouchGFX/target/generated/TouchGFXConfiguration.o
                0x08001030                touchgfx::Partition<touchgfx::meta::TypeList<Screen2View, touchgfx::meta::TypeList<touchgfx::meta::Nil, touchgfx::meta::Nil> >, (unsigned short)1>::capacity() const
 .text._ZN8touchgfx9PartitionINS_4meta8TypeListI11Screen2ViewNS2_INS1_3NilES4_EEEELt1EE12element_sizeEv
                0x08001034        0x6 ./Application/User/TouchGFX/target/generated/TouchGFXConfiguration.o
                0x08001034                touchgfx::Partition<touchgfx::meta::TypeList<Screen2View, touchgfx::meta::TypeList<touchgfx::meta::Nil, touchgfx::meta::Nil> >, (unsigned short)1>::element_size()
 .text._ZN8touchgfx9PartitionINS_4meta8TypeListI11Screen2ViewNS2_INS1_3NilES4_EEEELt1EE7elementEt
                0x0800103a        0xc ./Application/User/TouchGFX/target/generated/TouchGFXConfiguration.o
                0x0800103a                touchgfx::Partition<touchgfx::meta::TypeList<Screen2View, touchgfx::meta::TypeList<touchgfx::meta::Nil, touchgfx::meta::Nil> >, (unsigned short)1>::element(unsigned short)
 .text._ZNK8touchgfx9PartitionINS_4meta8TypeListI11Screen2ViewNS2_INS1_3NilES4_EEEELt1EE7elementEt
                0x08001046        0xc ./Application/User/TouchGFX/target/generated/TouchGFXConfiguration.o
                0x08001046                touchgfx::Partition<touchgfx::meta::TypeList<Screen2View, touchgfx::meta::TypeList<touchgfx::meta::Nil, touchgfx::meta::Nil> >, (unsigned short)1>::element(unsigned short) const
 .text._ZNK8touchgfx9PartitionINS_4meta8TypeListI16Screen2PresenterNS2_INS1_3NilES4_EEEELt1EE8capacityEv
                0x08001052        0x4 ./Application/User/TouchGFX/target/generated/TouchGFXConfiguration.o
                0x08001052                touchgfx::Partition<touchgfx::meta::TypeList<Screen2Presenter, touchgfx::meta::TypeList<touchgfx::meta::Nil, touchgfx::meta::Nil> >, (unsigned short)1>::capacity() const
 .text._ZN8touchgfx9PartitionINS_4meta8TypeListI16Screen2PresenterNS2_INS1_3NilES4_EEEELt1EE12element_sizeEv
                0x08001056        0x4 ./Application/User/TouchGFX/target/generated/TouchGFXConfiguration.o
                0x08001056                touchgfx::Partition<touchgfx::meta::TypeList<Screen2Presenter, touchgfx::meta::TypeList<touchgfx::meta::Nil, touchgfx::meta::Nil> >, (unsigned short)1>::element_size()
 .text._ZN8touchgfx9PartitionINS_4meta8TypeListI16Screen2PresenterNS2_INS1_3NilES4_EEEELt1EE7elementEt
                0x0800105a        0x8 ./Application/User/TouchGFX/target/generated/TouchGFXConfiguration.o
                0x0800105a                touchgfx::Partition<touchgfx::meta::TypeList<Screen2Presenter, touchgfx::meta::TypeList<touchgfx::meta::Nil, touchgfx::meta::Nil> >, (unsigned short)1>::element(unsigned short)
 .text._ZNK8touchgfx9PartitionINS_4meta8TypeListI16Screen2PresenterNS2_INS1_3NilES4_EEEELt1EE7elementEt
                0x08001062        0x8 ./Application/User/TouchGFX/target/generated/TouchGFXConfiguration.o
                0x08001062                touchgfx::Partition<touchgfx::meta::TypeList<Screen2Presenter, touchgfx::meta::TypeList<touchgfx::meta::Nil, touchgfx::meta::Nil> >, (unsigned short)1>::element(unsigned short) const
 .text._ZN16FrontendHeapBase15gotoStartScreenER19FrontendApplication
                0x0800106a        0x6 ./Application/User/TouchGFX/target/generated/TouchGFXConfiguration.o
                0x0800106a                FrontendHeapBase::gotoStartScreen(FrontendApplication&)
 .text._ZN8touchgfx9PartitionINS_4meta8TypeListINS_12NoTransitionENS2_INS1_3NilES4_EEEELt1EED2Ev
                0x08001070       0x14 ./Application/User/TouchGFX/target/generated/TouchGFXConfiguration.o
                0x08001070                touchgfx::Partition<touchgfx::meta::TypeList<touchgfx::NoTransition, touchgfx::meta::TypeList<touchgfx::meta::Nil, touchgfx::meta::Nil> >, (unsigned short)1>::~Partition()
                0x08001070                touchgfx::Partition<touchgfx::meta::TypeList<touchgfx::NoTransition, touchgfx::meta::TypeList<touchgfx::meta::Nil, touchgfx::meta::Nil> >, (unsigned short)1>::~Partition()
 .text._ZN8touchgfx9PartitionINS_4meta8TypeListINS_12NoTransitionENS2_INS1_3NilES4_EEEELt1EED0Ev
                0x08001084       0x14 ./Application/User/TouchGFX/target/generated/TouchGFXConfiguration.o
                0x08001084                touchgfx::Partition<touchgfx::meta::TypeList<touchgfx::NoTransition, touchgfx::meta::TypeList<touchgfx::meta::Nil, touchgfx::meta::Nil> >, (unsigned short)1>::~Partition()
 .text._ZN8touchgfx9PartitionINS_4meta8TypeListI11Screen2ViewNS2_INS1_3NilES4_EEEELt1EED2Ev
                0x08001098       0x14 ./Application/User/TouchGFX/target/generated/TouchGFXConfiguration.o
                0x08001098                touchgfx::Partition<touchgfx::meta::TypeList<Screen2View, touchgfx::meta::TypeList<touchgfx::meta::Nil, touchgfx::meta::Nil> >, (unsigned short)1>::~Partition()
                0x08001098                touchgfx::Partition<touchgfx::meta::TypeList<Screen2View, touchgfx::meta::TypeList<touchgfx::meta::Nil, touchgfx::meta::Nil> >, (unsigned short)1>::~Partition()
 .text._ZN8touchgfx9PartitionINS_4meta8TypeListI11Screen2ViewNS2_INS1_3NilES4_EEEELt1EED0Ev
                0x080010ac       0x16 ./Application/User/TouchGFX/target/generated/TouchGFXConfiguration.o
                0x080010ac                touchgfx::Partition<touchgfx::meta::TypeList<Screen2View, touchgfx::meta::TypeList<touchgfx::meta::Nil, touchgfx::meta::Nil> >, (unsigned short)1>::~Partition()
 *fill*         0x080010c2        0x2 
 .text._ZN8touchgfx9PartitionINS_4meta8TypeListI16Screen2PresenterNS2_INS1_3NilES4_EEEELt1EED2Ev
                0x080010c4       0x14 ./Application/User/TouchGFX/target/generated/TouchGFXConfiguration.o
                0x080010c4                touchgfx::Partition<touchgfx::meta::TypeList<Screen2Presenter, touchgfx::meta::TypeList<touchgfx::meta::Nil, touchgfx::meta::Nil> >, (unsigned short)1>::~Partition()
                0x080010c4                touchgfx::Partition<touchgfx::meta::TypeList<Screen2Presenter, touchgfx::meta::TypeList<touchgfx::meta::Nil, touchgfx::meta::Nil> >, (unsigned short)1>::~Partition()
 .text._ZN8touchgfx9PartitionINS_4meta8TypeListI16Screen2PresenterNS2_INS1_3NilES4_EEEELt1EED0Ev
                0x080010d8       0x14 ./Application/User/TouchGFX/target/generated/TouchGFXConfiguration.o
                0x080010d8                touchgfx::Partition<touchgfx::meta::TypeList<Screen2Presenter, touchgfx::meta::TypeList<touchgfx::meta::Nil, touchgfx::meta::Nil> >, (unsigned short)1>::~Partition()
 .text._ZN12FrontendHeapD2Ev
                0x080010ec       0x2c ./Application/User/TouchGFX/target/generated/TouchGFXConfiguration.o
                0x080010ec                FrontendHeap::~FrontendHeap()
                0x080010ec                FrontendHeap::~FrontendHeap()
 .text.__tcf_0  0x08001118       0x10 ./Application/User/TouchGFX/target/generated/TouchGFXConfiguration.o
 .text._ZN12FrontendHeapD0Ev
                0x08001128       0x16 ./Application/User/TouchGFX/target/generated/TouchGFXConfiguration.o
                0x08001128                FrontendHeap::~FrontendHeap()
 *fill*         0x0800113e        0x2 
 .text.touchgfx_init
                0x08001140       0xf4 ./Application/User/TouchGFX/target/generated/TouchGFXConfiguration.o
                0x08001140                touchgfx_init
 .text.touchgfx_components_init
                0x08001234        0x2 ./Application/User/TouchGFX/target/generated/TouchGFXConfiguration.o
                0x08001234                touchgfx_components_init
 *fill*         0x08001236        0x2 
 .text.touchgfx_taskEntry
                0x08001238        0xc ./Application/User/TouchGFX/target/generated/TouchGFXConfiguration.o
                0x08001238                touchgfx_taskEntry
 .text.startup._GLOBAL__sub_I_touchgfx_init
                0x08001244       0xe0 ./Application/User/TouchGFX/target/generated/TouchGFXConfiguration.o
 .text.exit._GLOBAL__sub_D_touchgfx_init
                0x08001324        0xc ./Application/User/TouchGFX/target/generated/TouchGFXConfiguration.o
 .text._ZN8touchgfx8Drawable13getFirstChildEv
                0x08001330        0x4 ./Application/User/TouchGFX/target/generated/TouchGFXGeneratedHAL.o
                0x08001330                touchgfx::Drawable::getFirstChild()
 .text._ZN8touchgfx8Drawable4setXEs
                0x08001334        0x4 ./Application/User/TouchGFX/target/generated/TouchGFXGeneratedHAL.o
                0x08001334                touchgfx::Drawable::setX(short)
 .text._ZN8touchgfx8Drawable4setYEs
                0x08001338        0x4 ./Application/User/TouchGFX/target/generated/TouchGFXGeneratedHAL.o
                0x08001338                touchgfx::Drawable::setY(short)
 .text._ZN8touchgfx8Drawable8setWidthEs
                0x0800133c        0x4 ./Application/User/TouchGFX/target/generated/TouchGFXGeneratedHAL.o
                0x0800133c                touchgfx::Drawable::setWidth(short)
 .text._ZN8touchgfx8Drawable9setHeightEs
                0x08001340        0x4 ./Application/User/TouchGFX/target/generated/TouchGFXGeneratedHAL.o
                0x08001340                touchgfx::Drawable::setHeight(short)
 .text._ZN8touchgfx8Drawable20childGeometryChangedEv
                0x08001344        0x2 ./Application/User/TouchGFX/target/generated/TouchGFXGeneratedHAL.o
                0x08001344                touchgfx::Drawable::childGeometryChanged()
 .text._ZN8touchgfx8Drawable16handleClickEventERKNS_10ClickEventE
                0x08001346        0x2 ./Application/User/TouchGFX/target/generated/TouchGFXGeneratedHAL.o
                0x08001346                touchgfx::Drawable::handleClickEvent(touchgfx::ClickEvent const&)
 .text._ZN8touchgfx8Drawable18handleGestureEventERKNS_12GestureEventE
                0x08001348        0x2 ./Application/User/TouchGFX/target/generated/TouchGFXGeneratedHAL.o
                0x08001348                touchgfx::Drawable::handleGestureEvent(touchgfx::GestureEvent const&)
 .text._ZN8touchgfx8Drawable15handleDragEventERKNS_9DragEventE
                0x0800134a        0x2 ./Application/User/TouchGFX/target/generated/TouchGFXGeneratedHAL.o
                0x0800134a                touchgfx::Drawable::handleDragEvent(touchgfx::DragEvent const&)
 .text._ZN8touchgfx8Drawable15handleTickEventEv
                0x0800134c        0x2 ./Application/User/TouchGFX/target/generated/TouchGFXGeneratedHAL.o
                0x0800134c                touchgfx::Drawable::handleTickEvent()
 .text._ZN8touchgfx8Drawable6moveToEss
                0x0800134e       0x18 ./Application/User/TouchGFX/target/generated/TouchGFXGeneratedHAL.o
                0x0800134e                touchgfx::Drawable::moveTo(short, short)
 .text._ZN8touchgfx8Drawable14setupDrawChainERKNS_4RectEPPS0_
                0x08001366       0x14 ./Application/User/TouchGFX/target/generated/TouchGFXGeneratedHAL.o
                0x08001366                touchgfx::Drawable::setupDrawChain(touchgfx::Rect const&, touchgfx::Drawable**)
 .text._ZNK8touchgfx15AbstractPainter18getRenderingMethodEv
                0x0800137a        0x4 ./Application/User/TouchGFX/target/generated/TouchGFXGeneratedHAL.o
                0x0800137a                touchgfx::AbstractPainter::getRenderingMethod() const
 .text._ZNK8touchgfx15AbstractPainter5setupERKNS_4RectE
                0x0800137e        0x8 ./Application/User/TouchGFX/target/generated/TouchGFXGeneratedHAL.o
                0x0800137e                touchgfx::AbstractPainter::setup(touchgfx::Rect const&) const
 .text._ZNK8touchgfx15AbstractPainter8tearDownEv
                0x08001386        0x2 ./Application/User/TouchGFX/target/generated/TouchGFXGeneratedHAL.o
                0x08001386                touchgfx::AbstractPainter::tearDown() const
 .text._ZN8touchgfx12CanvasWidget8setAlphaEh
                0x08001388        0x6 ./Application/User/TouchGFX/target/generated/TouchGFXGeneratedHAL.o
                0x08001388                touchgfx::CanvasWidget::setAlpha(unsigned char)
 .text._ZNK8touchgfx12CanvasWidget8getAlphaEv
                0x0800138e        0x6 ./Application/User/TouchGFX/target/generated/TouchGFXGeneratedHAL.o
                0x0800138e                touchgfx::CanvasWidget::getAlpha() const
 .text._ZNK8touchgfx12CanvasWidget14getMinimalRectEv
                0x08001394       0x16 ./Application/User/TouchGFX/target/generated/TouchGFXGeneratedHAL.o
                0x08001394                touchgfx::CanvasWidget::getMinimalRect() const
 .text._ZNK8touchgfx12CanvasWidget12getSolidRectEv
                0x080013aa        0xc ./Application/User/TouchGFX/target/generated/TouchGFXGeneratedHAL.o
                0x080013aa                touchgfx::CanvasWidget::getSolidRect() const
 .text._ZN8touchgfx17CWRVectorRenderer7setModeENS_14VectorRenderer8DrawModeE
                0x080013b6        0x4 ./Application/User/TouchGFX/target/generated/TouchGFXGeneratedHAL.o
                0x080013b6                touchgfx::CWRVectorRenderer::setMode(touchgfx::VectorRenderer::DrawMode)
 .text._ZN8touchgfx17CWRVectorRenderer19setStrokeMiterLimitEf
                0x080013ba        0x6 ./Application/User/TouchGFX/target/generated/TouchGFXGeneratedHAL.o
                0x080013ba                touchgfx::CWRVectorRenderer::setStrokeMiterLimit(float)
 .text._ZN8touchgfx17CWRVectorRenderer17setStrokeLineJoinENS_16VGStrokeLineJoinE
                0x080013c0        0x6 ./Application/User/TouchGFX/target/generated/TouchGFXGeneratedHAL.o
                0x080013c0                touchgfx::CWRVectorRenderer::setStrokeLineJoin(touchgfx::VGStrokeLineJoin)
 .text._ZN8touchgfx17CWRVectorRenderer16setStrokeLineCapENS_15VGStrokeLineCapE
                0x080013c6        0x6 ./Application/User/TouchGFX/target/generated/TouchGFXGeneratedHAL.o
                0x080013c6                touchgfx::CWRVectorRenderer::setStrokeLineCap(touchgfx::VGStrokeLineCap)
 .text._ZNK8touchgfx17CWRVectorRenderer17CanvasWidgetProxy16drawCanvasWidgetERKNS_4RectE
                0x080013cc        0x4 ./Application/User/TouchGFX/target/generated/TouchGFXGeneratedHAL.o
                0x080013cc                touchgfx::CWRVectorRenderer::CanvasWidgetProxy::drawCanvasWidget(touchgfx::Rect const&) const
 .text._ZN8touchgfx23CWRVectorRendererRGB56516getLinearPainterEv
                0x080013d0        0x4 ./Application/User/TouchGFX/target/generated/TouchGFXGeneratedHAL.o
                0x080013d0                touchgfx::CWRVectorRendererRGB565::getLinearPainter()
 .text._ZN8touchgfx23CWRVectorRendererRGB56520getColorPainterColorEv
                0x080013d4        0x4 ./Application/User/TouchGFX/target/generated/TouchGFXGeneratedHAL.o
                0x080013d4                touchgfx::CWRVectorRendererRGB565::getColorPainterColor()
 .text._ZN8touchgfx23CWRVectorRendererRGB56515getColorPainterEv
                0x080013d8        0x4 ./Application/User/TouchGFX/target/generated/TouchGFXGeneratedHAL.o
                0x080013d8                touchgfx::CWRVectorRendererRGB565::getColorPainter()
 .text._ZN8touchgfx17CWRVectorRenderer17CanvasWidgetProxyD2Ev
                0x080013dc        0x2 ./Application/User/TouchGFX/target/generated/TouchGFXGeneratedHAL.o
                0x080013dc                touchgfx::CWRVectorRenderer::CanvasWidgetProxy::~CanvasWidgetProxy()
                0x080013dc                touchgfx::CWRVectorRenderer::CanvasWidgetProxy::~CanvasWidgetProxy()
 .text._ZN8touchgfx23CWRVectorRendererRGB565D2Ev
                0x080013de        0x2 ./Application/User/TouchGFX/target/generated/TouchGFXGeneratedHAL.o
                0x080013de                touchgfx::CWRVectorRendererRGB565::~CWRVectorRendererRGB565()
                0x080013de                touchgfx::CWRVectorRendererRGB565::~CWRVectorRendererRGB565()
 .text.__tcf_1  0x080013e0        0x2 ./Application/User/TouchGFX/target/generated/TouchGFXGeneratedHAL.o
 *fill*         0x080013e2        0x2 
 .text._ZN20TouchGFXGeneratedHAL19configureInterruptsEv
                0x080013e4       0x14 ./Application/User/TouchGFX/target/generated/TouchGFXGeneratedHAL.o
                0x080013e4                TouchGFXGeneratedHAL::configureInterrupts()
 .text._ZN20TouchGFXGeneratedHAL28enableLCDControllerInterruptEv
                0x080013f8       0x34 ./Application/User/TouchGFX/target/generated/TouchGFXGeneratedHAL.o
                0x080013f8                TouchGFXGeneratedHAL::enableLCDControllerInterrupt()
 .text._ZNK20TouchGFXGeneratedHAL17getTFTFrameBufferEv
                0x0800142c        0xc ./Application/User/TouchGFX/target/generated/TouchGFXGeneratedHAL.o
                0x0800142c                TouchGFXGeneratedHAL::getTFTFrameBuffer() const
 .text._ZN20TouchGFXGeneratedHAL17setTFTFrameBufferEPt
                0x08001438       0x10 ./Application/User/TouchGFX/target/generated/TouchGFXGeneratedHAL.o
                0x08001438                TouchGFXGeneratedHAL::setTFTFrameBuffer(unsigned short*)
 .text._ZN8touchgfx17CWRVectorRenderer17CanvasWidgetProxyD0Ev
                0x08001448        0xe ./Application/User/TouchGFX/target/generated/TouchGFXGeneratedHAL.o
                0x08001448                touchgfx::CWRVectorRenderer::CanvasWidgetProxy::~CanvasWidgetProxy()
 .text._ZN8touchgfx23CWRVectorRendererRGB565D0Ev
                0x08001456        0xe ./Application/User/TouchGFX/target/generated/TouchGFXGeneratedHAL.o
                0x08001456                touchgfx::CWRVectorRendererRGB565::~CWRVectorRendererRGB565()
 .text._ZN20TouchGFXGeneratedHAL10initializeEv
                0x08001464       0x34 ./Application/User/TouchGFX/target/generated/TouchGFXGeneratedHAL.o
                0x08001464                TouchGFXGeneratedHAL::initialize()
 .text._ZN20TouchGFXGeneratedHAL10beginFrameEv
                0x08001498        0x4 ./Application/User/TouchGFX/target/generated/TouchGFXGeneratedHAL.o
                0x08001498                TouchGFXGeneratedHAL::beginFrame()
 .text._ZN20TouchGFXGeneratedHAL8endFrameEv
                0x0800149c        0x4 ./Application/User/TouchGFX/target/generated/TouchGFXGeneratedHAL.o
                0x0800149c                TouchGFXGeneratedHAL::endFrame()
 .text._ZN20TouchGFXGeneratedHAL16flushFrameBufferERKN8touchgfx4RectE
                0x080014a0        0x4 ./Application/User/TouchGFX/target/generated/TouchGFXGeneratedHAL.o
                0x080014a0                TouchGFXGeneratedHAL::flushFrameBuffer(touchgfx::Rect const&)
 .text._ZN20TouchGFXGeneratedHAL9blockCopyEPvPKvm
                0x080014a4        0x4 ./Application/User/TouchGFX/target/generated/TouchGFXGeneratedHAL.o
                0x080014a4                TouchGFXGeneratedHAL::blockCopy(void*, void const*, unsigned long)
 .text._ZNK8touchgfx8Drawable17invalidateContentEv
                0x080014a8        0xe ./Application/User/TouchGFX/target/generated/TouchGFXGeneratedHAL.o
                0x080014a8                touchgfx::Drawable::invalidateContent() const
 .text._ZN8touchgfx6Widget12getLastChildEssPPNS_8DrawableE
                0x080014b6       0x10 ./Application/User/TouchGFX/target/generated/TouchGFXGeneratedHAL.o
                0x080014b6                touchgfx::Widget::getLastChild(short, short, touchgfx::Drawable**)
 *fill*         0x080014c6        0x2 
 .text._ZN20TouchGFXGeneratedHAL16enableInterruptsEv
                0x080014c8       0x14 ./Application/User/TouchGFX/target/generated/TouchGFXGeneratedHAL.o
                0x080014c8                TouchGFXGeneratedHAL::enableInterrupts()
 .text._ZN20TouchGFXGeneratedHAL17disableInterruptsEv
                0x080014dc       0x28 ./Application/User/TouchGFX/target/generated/TouchGFXGeneratedHAL.o
                0x080014dc                TouchGFXGeneratedHAL::disableInterrupts()
 .text._ZN8touchgfx21AbstractPainterRGB565C2Ev
                0x08001504       0x64 ./Application/User/TouchGFX/target/generated/TouchGFXGeneratedHAL.o
                0x08001504                touchgfx::AbstractPainterRGB565::AbstractPainterRGB565()
                0x08001504                touchgfx::AbstractPainterRGB565::AbstractPainterRGB565()
 .text._ZN8touchgfx14VectorRenderer11getInstanceEv
                0x08001568       0xb8 ./Application/User/TouchGFX/target/generated/TouchGFXGeneratedHAL.o
                0x08001568                touchgfx::VectorRenderer::getInstance()
 .text.HAL_LTDC_LineEventCallback
                0x08001620       0x74 ./Application/User/TouchGFX/target/generated/TouchGFXGeneratedHAL.o
                0x08001620                HAL_LTDC_LineEventCallback
 .text.SPI5_Write
                0x08001694       0x24 ./Application/User/main.o
 .text.SystemClock_Config
                0x080016b8       0x9c ./Application/User/main.o
                0x080016b8                SystemClock_Config
 .text.startup.main
                0x08001754      0x4bc ./Application/User/main.o
                0x08001754                main
 .text.IOE_Init
                0x08001c10        0x2 ./Application/User/main.o
                0x08001c10                IOE_Init
 .text.IOE_ITConfig
                0x08001c12        0x2 ./Application/User/main.o
                0x08001c12                IOE_ITConfig
 .text.IOE_Write
                0x08001c14       0x30 ./Application/User/main.o
                0x08001c14                IOE_Write
 .text.IOE_Read
                0x08001c44       0x34 ./Application/User/main.o
                0x08001c44                IOE_Read
 .text.IOE_ReadMultiple
                0x08001c78       0x2c ./Application/User/main.o
                0x08001c78                IOE_ReadMultiple
 .text.IOE_Delay
                0x08001ca4        0x4 ./Application/User/main.o
                0x08001ca4                IOE_Delay
 .text.LCD_IO_Init
                0x08001ca8       0x20 ./Application/User/main.o
                0x08001ca8                LCD_IO_Init
 .text.LCD_IO_WriteData
                0x08001cc8       0x38 ./Application/User/main.o
                0x08001cc8                LCD_IO_WriteData
 .text.LCD_IO_WriteReg
                0x08001d00       0x38 ./Application/User/main.o
                0x08001d00                LCD_IO_WriteReg
 .text.LCD_IO_ReadData
                0x08001d38       0x64 ./Application/User/main.o
                0x08001d38                LCD_IO_ReadData
 .text.LCD_Delay
                0x08001d9c        0x4 ./Application/User/main.o
                0x08001d9c                LCD_Delay
 .text.getJoystickDirection
                0x08001da0       0x50 ./Application/User/main.o
                0x08001da0                getJoystickDirection
 .text.StartDefaultTask
                0x08001df0       0x74 ./Application/User/main.o
                0x08001df0                StartDefaultTask
 .text.HAL_TIM_PeriodElapsedCallback
                0x08001e64       0x14 ./Application/User/main.o
                0x08001e64                HAL_TIM_PeriodElapsedCallback
 .text.Error_Handler
                0x08001e78        0x2 ./Application/User/main.o
                0x08001e78                Error_Handler
 *fill*         0x08001e7a        0x2 
 .text.HAL_MspInit
                0x08001e7c       0x40 ./Application/User/stm32f4xx_hal_msp.o
                0x08001e7c                HAL_MspInit
 .text.HAL_ADC_MspInit
                0x08001ebc       0xb0 ./Application/User/stm32f4xx_hal_msp.o
                0x08001ebc                HAL_ADC_MspInit
 .text.HAL_CRC_MspInit
                0x08001f6c       0x30 ./Application/User/stm32f4xx_hal_msp.o
                0x08001f6c                HAL_CRC_MspInit
 .text.HAL_DMA2D_MspInit
                0x08001f9c       0x44 ./Application/User/stm32f4xx_hal_msp.o
                0x08001f9c                HAL_DMA2D_MspInit
 .text.HAL_I2C_MspInit
                0x08001fe0       0xb8 ./Application/User/stm32f4xx_hal_msp.o
                0x08001fe0                HAL_I2C_MspInit
 .text.HAL_LTDC_MspInit
                0x08002098      0x1b8 ./Application/User/stm32f4xx_hal_msp.o
                0x08002098                HAL_LTDC_MspInit
 .text.HAL_RNG_MspInit
                0x08002250       0x30 ./Application/User/stm32f4xx_hal_msp.o
                0x08002250                HAL_RNG_MspInit
 .text.HAL_SPI_MspInit
                0x08002280       0x6c ./Application/User/stm32f4xx_hal_msp.o
                0x08002280                HAL_SPI_MspInit
 .text.HAL_SDRAM_MspInit
                0x080022ec       0xd8 ./Application/User/stm32f4xx_hal_msp.o
                0x080022ec                HAL_SDRAM_MspInit
 .text.HAL_InitTick
                0x080023c4       0xa0 ./Application/User/stm32f4xx_hal_timebase_tim.o
                0x080023c4                HAL_InitTick
 .text.NMI_Handler
                0x08002464        0x2 ./Application/User/stm32f4xx_it.o
                0x08002464                NMI_Handler
 .text.HardFault_Handler
                0x08002466        0x2 ./Application/User/stm32f4xx_it.o
                0x08002466                HardFault_Handler
 .text.MemManage_Handler
                0x08002468        0x2 ./Application/User/stm32f4xx_it.o
                0x08002468                MemManage_Handler
 .text.BusFault_Handler
                0x0800246a        0x2 ./Application/User/stm32f4xx_it.o
                0x0800246a                BusFault_Handler
 .text.UsageFault_Handler
                0x0800246c        0x2 ./Application/User/stm32f4xx_it.o
                0x0800246c                UsageFault_Handler
 .text.DebugMon_Handler
                0x0800246e        0x2 ./Application/User/stm32f4xx_it.o
                0x0800246e                DebugMon_Handler
 .text.TIM6_DAC_IRQHandler
                0x08002470        0xc ./Application/User/stm32f4xx_it.o
                0x08002470                TIM6_DAC_IRQHandler
 .text.LTDC_IRQHandler
                0x0800247c        0xc ./Application/User/stm32f4xx_it.o
                0x0800247c                LTDC_IRQHandler
 .text.DMA2D_IRQHandler
                0x08002488        0xc ./Application/User/stm32f4xx_it.o
                0x08002488                DMA2D_IRQHandler
 .text._getpid  0x08002494        0x4 ./Application/User/syscalls.o
                0x08002494                _getpid
 .text._kill    0x08002498       0x10 ./Application/User/syscalls.o
                0x08002498                _kill
 .text._exit    0x080024a8        0xc ./Application/User/syscalls.o
                0x080024a8                _exit
 .text._read    0x080024b4       0x1c ./Application/User/syscalls.o
                0x080024b4                _read
 .text._write   0x080024d0       0x1c ./Application/User/syscalls.o
                0x080024d0                _write
 .text._close   0x080024ec        0x6 ./Application/User/syscalls.o
                0x080024ec                _close
 .text._fstat   0x080024f2        0xa ./Application/User/syscalls.o
                0x080024f2                _fstat
 .text._isatty  0x080024fc        0x4 ./Application/User/syscalls.o
                0x080024fc                _isatty
 .text._lseek   0x08002500        0x4 ./Application/User/syscalls.o
                0x08002500                _lseek
 .text._sbrk    0x08002504       0x34 ./Application/User/sysmem.o
                0x08002504                _sbrk
 .text._ZN23ApplicationFontProviderD2Ev
                0x08002538        0x2 ./Application/User/generated/ApplicationFontProvider.o
                0x08002538                ApplicationFontProvider::~ApplicationFontProvider()
                0x08002538                ApplicationFontProvider::~ApplicationFontProvider()
 .text._ZN23ApplicationFontProvider7getFontEt
                0x0800253a       0x3c ./Application/User/generated/ApplicationFontProvider.o
                0x0800253a                ApplicationFontProvider::getFont(unsigned short)
 .text._ZN23ApplicationFontProviderD0Ev
                0x08002576        0xe ./Application/User/generated/ApplicationFontProvider.o
                0x08002576                ApplicationFontProvider::~ApplicationFontProvider()
 .text._ZN14BitmapDatabase11getInstanceEv
                0x08002584        0x8 ./Application/User/generated/BitmapDatabase.o
                0x08002584                BitmapDatabase::getInstance()
 .text._ZN14BitmapDatabase15getInstanceSizeEv
                0x0800258c        0x4 ./Application/User/generated/BitmapDatabase.o
                0x0800258c                BitmapDatabase::getInstanceSize()
 .text._ZNK8touchgfx4Font8getGlyphEt
                0x08002590       0x20 ./Application/User/generated/CachedFont.o
                0x08002590                touchgfx::Font::getGlyph(unsigned short) const
 .text._ZNK8touchgfx4Font15getFallbackCharEv
                0x080025b0        0x4 ./Application/User/generated/CachedFont.o
                0x080025b0                touchgfx::Font::getFallbackChar() const
 .text._ZNK8touchgfx4Font15getEllipsisCharEv
                0x080025b4        0x4 ./Application/User/generated/CachedFont.o
                0x080025b4                touchgfx::Font::getEllipsisChar() const
 .text._ZNK8touchgfx4Font11getBaselineEv
                0x080025b8        0x4 ./Application/User/generated/CachedFont.o
                0x080025b8                touchgfx::Font::getBaseline() const
 .text._ZNK8touchgfx4Font9getHeightEv
                0x080025bc        0x4 ./Application/User/generated/CachedFont.o
                0x080025bc                touchgfx::Font::getHeight() const
 .text._ZNK8touchgfx4Font15getBitsPerPixelEv
                0x080025c0        0x8 ./Application/User/generated/CachedFont.o
                0x080025c0                touchgfx::Font::getBitsPerPixel() const
 .text._ZNK8touchgfx4Font15getByteAlignRowEv
                0x080025c8        0x6 ./Application/User/generated/CachedFont.o
                0x080025c8                touchgfx::Font::getByteAlignRow() const
 .text._ZNK8touchgfx4Font17isVectorBasedFontEv
                0x080025ce        0x4 ./Application/User/generated/CachedFont.o
                0x080025ce                touchgfx::Font::isVectorBasedFont() const
 *fill*         0x080025d2        0x2 
 .text._ZNK8touchgfx4Font14getScaleFactorEv
                0x080025d4        0xc ./Application/User/generated/CachedFont.o
                0x080025d4                touchgfx::Font::getScaleFactor() const
 .text._ZN8touchgfx9TypedTextD2Ev
                0x080025e0        0x2 ./Application/User/generated/FontCache.o
                0x080025e0                touchgfx::TypedText::~TypedText()
                0x080025e0                touchgfx::TypedText::~TypedText()
 .text._ZN8touchgfx9TypedTextD0Ev
                0x080025e2        0xe ./Application/User/generated/FontCache.o
                0x080025e2                touchgfx::TypedText::~TypedText()
 .text._ZN8touchgfx11Application19changeToStartScreenEv
                0x080025f0        0x2 ./Application/User/generated/FrontendApplicationBase.o
                0x080025f0                touchgfx::Application::changeToStartScreen()
 .text._ZN8touchgfx11Application15appSwitchScreenEh
                0x080025f2        0x2 ./Application/User/generated/FrontendApplicationBase.o
                0x080025f2                touchgfx::Application::appSwitchScreen(unsigned char)
 .text._ZN8touchgfx11Application13requestRedrawERNS_4RectE
                0x080025f4        0xc ./Application/User/generated/FrontendApplicationBase.o
                0x080025f4                touchgfx::Application::requestRedraw(touchgfx::Rect&)
 .text._ZN8touchgfx10Transition8tearDownEv
                0x08002600        0x2 ./Application/User/generated/FrontendApplicationBase.o
                0x08002600                touchgfx::Transition::tearDown()
 .text._ZN8touchgfx10Transition4initEv
                0x08002602        0x2 ./Application/User/generated/FrontendApplicationBase.o
                0x08002602                touchgfx::Transition::init()
 .text._ZN8touchgfx10Transition18setScreenContainerERNS_9ContainerE
                0x08002604        0x4 ./Application/User/generated/FrontendApplicationBase.o
                0x08002604                touchgfx::Transition::setScreenContainer(touchgfx::Container&)
 .text._ZN8touchgfx8CallbackI23FrontendApplicationBasevvvED2Ev
                0x08002608        0x2 ./Application/User/generated/FrontendApplicationBase.o
                0x08002608                touchgfx::Callback<FrontendApplicationBase, void, void, void>::~Callback()
                0x08002608                touchgfx::Callback<FrontendApplicationBase, void, void, void>::~Callback()
 .text._ZN23FrontendApplicationBaseD2Ev
                0x0800260a        0x2 ./Application/User/generated/FrontendApplicationBase.o
                0x0800260a                FrontendApplicationBase::~FrontendApplicationBase()
                0x0800260a                FrontendApplicationBase::~FrontendApplicationBase()
 .text._ZN23FrontendApplicationBase19changeToStartScreenEv
                0x0800260c       0x20 ./Application/User/generated/FrontendApplicationBase.o
                0x0800260c                FrontendApplicationBase::changeToStartScreen()
 .text._ZN8touchgfx12NoTransition15handleTickEventEv
                0x0800262c        0x6 ./Application/User/generated/FrontendApplicationBase.o
                0x0800262c                touchgfx::NoTransition::handleTickEvent()
 .text._ZN8touchgfx12NoTransitionD2Ev
                0x08002632        0x2 ./Application/User/generated/FrontendApplicationBase.o
                0x08002632                touchgfx::NoTransition::~NoTransition()
                0x08002632                touchgfx::NoTransition::~NoTransition()
 .text._ZN8touchgfx8CallbackI23FrontendApplicationBasevvvE7executeEv
                0x08002634       0x20 ./Application/User/generated/FrontendApplicationBase.o
                0x08002634                touchgfx::Callback<FrontendApplicationBase, void, void, void>::execute()
 .text._ZNK8touchgfx8CallbackI23FrontendApplicationBasevvvE7isValidEv
                0x08002654       0x16 ./Application/User/generated/FrontendApplicationBase.o
                0x08002654                touchgfx::Callback<FrontendApplicationBase, void, void, void>::isValid() const
 .text._ZN8touchgfx12NoTransitionD0Ev
                0x0800266a        0xe ./Application/User/generated/FrontendApplicationBase.o
                0x0800266a                touchgfx::NoTransition::~NoTransition()
 .text._ZN8touchgfx8CallbackI23FrontendApplicationBasevvvED0Ev
                0x08002678        0xe ./Application/User/generated/FrontendApplicationBase.o
                0x08002678                touchgfx::Callback<FrontendApplicationBase, void, void, void>::~Callback()
 .text._ZN23FrontendApplicationBaseD0Ev
                0x08002686       0x10 ./Application/User/generated/FrontendApplicationBase.o
                0x08002686                FrontendApplicationBase::~FrontendApplicationBase()
 .text._ZN8touchgfx10Transition10invalidateEv
                0x08002696       0x10 ./Application/User/generated/FrontendApplicationBase.o
                0x08002696                touchgfx::Transition::invalidate()
 .text._ZN8touchgfx14MVPApplication29handlePendingScreenTransitionEv
                0x080026a6       0x24 ./Application/User/generated/FrontendApplicationBase.o
                0x080026a6                touchgfx::MVPApplication::handlePendingScreenTransition()
 *fill*         0x080026ca        0x2 
 .text._ZN23FrontendApplicationBase33gotoScreen2ScreenNoTransitionImplEv
                0x080026cc      0x14c ./Application/User/generated/FrontendApplicationBase.o
                0x080026cc                FrontendApplicationBase::gotoScreen2ScreenNoTransitionImpl()
 .text._ZN23FrontendApplicationBase33gotoScreen1ScreenNoTransitionImplEv
                0x08002818      0x14c ./Application/User/generated/FrontendApplicationBase.o
                0x08002818                FrontendApplicationBase::gotoScreen1ScreenNoTransitionImpl()
 .text._ZN8touchgfx3HAL3lcdEv
                0x08002964       0x18 ./Application/User/generated/FrontendApplicationBase.o
                0x08002964                touchgfx::HAL::lcd()
 .text._ZN23FrontendApplicationBaseC2ER5ModelR12FrontendHeap
                0x0800297c       0x68 ./Application/User/generated/FrontendApplicationBase.o
                0x0800297c                FrontendApplicationBase::FrontendApplicationBase(Model&, FrontendHeap&)
                0x0800297c                FrontendApplicationBase::FrontendApplicationBase(Model&, FrontendHeap&)
 .text._ZN23FrontendApplicationBase29gotoScreen1ScreenNoTransitionEv
                0x080029e4       0x20 ./Application/User/generated/FrontendApplicationBase.o
                0x080029e4                FrontendApplicationBase::gotoScreen1ScreenNoTransition()
 .text._ZN23FrontendApplicationBase29gotoScreen2ScreenNoTransitionEv
                0x08002a04       0x20 ./Application/User/generated/FrontendApplicationBase.o
                0x08002a04                FrontendApplicationBase::gotoScreen2ScreenNoTransition()
 .text._ZNK8touchgfx13GeneratedFont12getGSUBTableEv
                0x08002a24        0x4 ./Application/User/generated/GeneratedFont.o
                0x08002a24                touchgfx::GeneratedFont::getGSUBTable() const
 .text._ZNK8touchgfx13GeneratedFont23getContextualFormsTableEv
                0x08002a28        0x4 ./Application/User/generated/GeneratedFont.o
                0x08002a28                touchgfx::GeneratedFont::getContextualFormsTable() const
 .text._ZN8touchgfx13GeneratedFontD2Ev
                0x08002a2c        0x2 ./Application/User/generated/GeneratedFont.o
                0x08002a2c                touchgfx::GeneratedFont::~GeneratedFont()
                0x08002a2c                touchgfx::GeneratedFont::~GeneratedFont()
 .text._ZNK8touchgfx13GeneratedFont12getPixelDataEPKNS_9GlyphNodeE
                0x08002a2e       0x1a ./Application/User/generated/GeneratedFont.o
                0x08002a2e                touchgfx::GeneratedFont::getPixelData(touchgfx::GlyphNode const*) const
 .text._ZNK8touchgfx13GeneratedFont10getKerningEtPKNS_9GlyphNodeE
                0x08002a48       0x3a ./Application/User/generated/GeneratedFont.o
                0x08002a48                touchgfx::GeneratedFont::getKerning(unsigned short, touchgfx::GlyphNode const*) const
 .text._ZN8touchgfx13GeneratedFontD0Ev
                0x08002a82        0xe ./Application/User/generated/GeneratedFont.o
                0x08002a82                touchgfx::GeneratedFont::~GeneratedFont()
 .text._ZN8touchgfx13GeneratedFontC2EPKNS_9GlyphNodeEttthhhhhhPKPKhPKNS_11KerningNodeEttPKtPKNS_24FontContextualFormsTableE
                0x08002a90       0x60 ./Application/User/generated/GeneratedFont.o
                0x08002a90                touchgfx::GeneratedFont::GeneratedFont(touchgfx::GlyphNode const*, unsigned short, unsigned short, unsigned short, unsigned char, unsigned char, unsigned char, unsigned char, unsigned char, unsigned char, unsigned char const* const*, touchgfx::KerningNode const*, unsigned short, unsigned short, unsigned short const*, touchgfx::FontContextualFormsTable const*)
                0x08002a90                touchgfx::GeneratedFont::GeneratedFont(touchgfx::GlyphNode const*, unsigned short, unsigned short, unsigned short, unsigned char, unsigned char, unsigned char, unsigned char, unsigned char, unsigned char, unsigned char const* const*, touchgfx::KerningNode const*, unsigned short, unsigned short, unsigned short const*, touchgfx::FontContextualFormsTable const*)
 .text._ZN8touchgfx9Container13getFirstChildEv
                0x08002af0        0x4 ./Application/User/generated/Screen1ViewBase.o
                0x08002af0                touchgfx::Container::getFirstChild()
 .text._ZN8touchgfx6Screen11setupScreenEv
                0x08002af4        0x2 ./Application/User/generated/Screen1ViewBase.o
                0x08002af4                touchgfx::Screen::setupScreen()
 .text._ZN8touchgfx6Screen15afterTransitionEv
                0x08002af6        0x2 ./Application/User/generated/Screen1ViewBase.o
                0x08002af6                touchgfx::Screen::afterTransition()
 .text._ZN8touchgfx6Screen14tearDownScreenEv
                0x08002af8        0x2 ./Application/User/generated/Screen1ViewBase.o
                0x08002af8                touchgfx::Screen::tearDownScreen()
 .text._ZN8touchgfx6Screen15handleTickEventEv
                0x08002afa        0x2 ./Application/User/generated/Screen1ViewBase.o
                0x08002afa                touchgfx::Screen::handleTickEvent()
 .text._ZN8touchgfx6Screen14handleKeyEventEh
                0x08002afc        0x2 ./Application/User/generated/Screen1ViewBase.o
                0x08002afc                touchgfx::Screen::handleKeyEvent(unsigned char)
 .text._ZN8touchgfx24BoxWithBorderButtonStyleINS_18TouchButtonTriggerEED2Ev
                0x08002afe        0x2 ./Application/User/generated/Screen1ViewBase.o
                0x08002afe                touchgfx::BoxWithBorderButtonStyle<touchgfx::TouchButtonTrigger>::~BoxWithBorderButtonStyle()
                0x08002afe                touchgfx::BoxWithBorderButtonStyle<touchgfx::TouchButtonTrigger>::~BoxWithBorderButtonStyle()
 .text._ZN8touchgfx15TextButtonStyleINS_24BoxWithBorderButtonStyleINS_18TouchButtonTriggerEEEED2Ev
                0x08002b00        0x2 ./Application/User/generated/Screen1ViewBase.o
                0x08002b00                touchgfx::TextButtonStyle<touchgfx::BoxWithBorderButtonStyle<touchgfx::TouchButtonTrigger> >::~TextButtonStyle()
                0x08002b00                touchgfx::TextButtonStyle<touchgfx::BoxWithBorderButtonStyle<touchgfx::TouchButtonTrigger> >::~TextButtonStyle()
 .text._ZN8touchgfx8CallbackI15Screen1ViewBaseRKNS_23AbstractButtonContainerEvvED2Ev
                0x08002b02        0x2 ./Application/User/generated/Screen1ViewBase.o
                0x08002b02                touchgfx::Callback<Screen1ViewBase, touchgfx::AbstractButtonContainer const&, void, void>::~Callback()
                0x08002b02                touchgfx::Callback<Screen1ViewBase, touchgfx::AbstractButtonContainer const&, void, void>::~Callback()
 .text._ZN15Screen1ViewBaseD2Ev
                0x08002b04        0x2 ./Application/User/generated/Screen1ViewBase.o
                0x08002b04                Screen1ViewBase::~Screen1ViewBase()
                0x08002b04                Screen1ViewBase::~Screen1ViewBase()
 .text._ZN15Screen1ViewBase11setupScreenEv
                0x08002b06        0x2 ./Application/User/generated/Screen1ViewBase.o
                0x08002b06                Screen1ViewBase::setupScreen()
 .text._ZN8touchgfx24BoxWithBorderButtonStyleINS_18TouchButtonTriggerEE20handlePressedUpdatedEv
                0x08002b08       0x26 ./Application/User/generated/Screen1ViewBase.o
                0x08002b08                touchgfx::BoxWithBorderButtonStyle<touchgfx::TouchButtonTrigger>::handlePressedUpdated()
 .text._ZN8touchgfx15TextButtonStyleINS_24BoxWithBorderButtonStyleINS_18TouchButtonTriggerEEEE20handlePressedUpdatedEv
                0x08002b2e       0x1e ./Application/User/generated/Screen1ViewBase.o
                0x08002b2e                touchgfx::TextButtonStyle<touchgfx::BoxWithBorderButtonStyle<touchgfx::TouchButtonTrigger> >::handlePressedUpdated()
 .text._ZN8touchgfx8CallbackI15Screen1ViewBaseRKNS_23AbstractButtonContainerEvvE7executeES4_
                0x08002b4c       0x1e ./Application/User/generated/Screen1ViewBase.o
                0x08002b4c                touchgfx::Callback<Screen1ViewBase, touchgfx::AbstractButtonContainer const&, void, void>::execute(touchgfx::AbstractButtonContainer const&)
 .text._ZNK8touchgfx8CallbackI15Screen1ViewBaseRKNS_23AbstractButtonContainerEvvE7isValidEv
                0x08002b6a       0x16 ./Application/User/generated/Screen1ViewBase.o
                0x08002b6a                touchgfx::Callback<Screen1ViewBase, touchgfx::AbstractButtonContainer const&, void, void>::isValid() const
 .text._ZN8touchgfx15TextButtonStyleINS_24BoxWithBorderButtonStyleINS_18TouchButtonTriggerEEEE18handleAlphaUpdatedEv
                0x08002b80        0xe ./Application/User/generated/Screen1ViewBase.o
                0x08002b80                touchgfx::TextButtonStyle<touchgfx::BoxWithBorderButtonStyle<touchgfx::TouchButtonTrigger> >::handleAlphaUpdated()
 .text._ZN8touchgfx24BoxWithBorderButtonStyleINS_18TouchButtonTriggerEE18handleAlphaUpdatedEv
                0x08002b8e        0xa ./Application/User/generated/Screen1ViewBase.o
                0x08002b8e                touchgfx::BoxWithBorderButtonStyle<touchgfx::TouchButtonTrigger>::handleAlphaUpdated()
 .text._ZN8touchgfx24BoxWithBorderButtonStyleINS_18TouchButtonTriggerEED0Ev
                0x08002b98        0xe ./Application/User/generated/Screen1ViewBase.o
                0x08002b98                touchgfx::BoxWithBorderButtonStyle<touchgfx::TouchButtonTrigger>::~BoxWithBorderButtonStyle()
 .text._ZN8touchgfx15TextButtonStyleINS_24BoxWithBorderButtonStyleINS_18TouchButtonTriggerEEEED0Ev
                0x08002ba6        0xe ./Application/User/generated/Screen1ViewBase.o
                0x08002ba6                touchgfx::TextButtonStyle<touchgfx::BoxWithBorderButtonStyle<touchgfx::TouchButtonTrigger> >::~TextButtonStyle()
 .text._ZN8touchgfx8CallbackI15Screen1ViewBaseRKNS_23AbstractButtonContainerEvvED0Ev
                0x08002bb4        0xe ./Application/User/generated/Screen1ViewBase.o
                0x08002bb4                touchgfx::Callback<Screen1ViewBase, touchgfx::AbstractButtonContainer const&, void, void>::~Callback()
 .text._ZN15Screen1ViewBaseD0Ev
                0x08002bc2       0x10 ./Application/User/generated/Screen1ViewBase.o
                0x08002bc2                Screen1ViewBase::~Screen1ViewBase()
 .text._ZN8touchgfx23AbstractButtonContainer13executeActionEv
                0x08002bd2       0x20 ./Application/User/generated/Screen1ViewBase.o
                0x08002bd2                touchgfx::AbstractButtonContainer::executeAction()
 .text._ZN8touchgfx18TouchButtonTrigger16handleClickEventERKNS_10ClickEventE
                0x08002bf2       0x40 ./Application/User/generated/Screen1ViewBase.o
                0x08002bf2                touchgfx::TouchButtonTrigger::handleClickEvent(touchgfx::ClickEvent const&)
 .text._ZN15Screen1ViewBase25flexButtonCallbackHandlerERKN8touchgfx23AbstractButtonContainerE
                0x08002c32       0x16 ./Application/User/generated/Screen1ViewBase.o
                0x08002c32                Screen1ViewBase::flexButtonCallbackHandler(touchgfx::AbstractButtonContainer const&)
 .text._ZN8touchgfx8Drawable5setXYEss
                0x08002c48       0x1a ./Application/User/generated/Screen1ViewBase.o
                0x08002c48                touchgfx::Drawable::setXY(short, short)
 .text._ZN8touchgfx8Drawable14setWidthHeightEss
                0x08002c62       0x1a ./Application/User/generated/Screen1ViewBase.o
                0x08002c62                touchgfx::Drawable::setWidthHeight(short, short)
 .text._ZN8touchgfx8Drawable11setPositionEssss
                0x08002c7c       0x18 ./Application/User/generated/Screen1ViewBase.o
                0x08002c7c                touchgfx::Drawable::setPosition(short, short, short, short)
 .text._ZN8touchgfx6WidgetC2Ev
                0x08002c94       0x24 ./Application/User/generated/Screen1ViewBase.o
                0x08002c94                touchgfx::Widget::Widget()
                0x08002c94                touchgfx::Widget::Widget()
 .text._ZN8touchgfx3BoxC2Ev
                0x08002cb8       0x28 ./Application/User/generated/Screen1ViewBase.o
                0x08002cb8                touchgfx::Box::Box()
                0x08002cb8                touchgfx::Box::Box()
 .text._ZN8touchgfx15TextButtonStyleINS_24BoxWithBorderButtonStyleINS_18TouchButtonTriggerEEEEC2Ev
                0x08002ce0       0xc4 ./Application/User/generated/Screen1ViewBase.o
                0x08002ce0                touchgfx::TextButtonStyle<touchgfx::BoxWithBorderButtonStyle<touchgfx::TouchButtonTrigger> >::TextButtonStyle()
                0x08002ce0                touchgfx::TextButtonStyle<touchgfx::BoxWithBorderButtonStyle<touchgfx::TouchButtonTrigger> >::TextButtonStyle()
 .text._ZN15Screen1ViewBaseC2Ev
                0x08002da4      0x18c ./Application/User/generated/Screen1ViewBase.o
                0x08002da4                Screen1ViewBase::Screen1ViewBase()
                0x08002da4                Screen1ViewBase::Screen1ViewBase()
 .text._ZN8touchgfx8TextArea8setWidthEs
                0x08002f30       0x24 ./Application/User/generated/Screen2ViewBase.o
                0x08002f30                touchgfx::TextArea::setWidth(short)
 .text._ZN8touchgfx8TextArea9setHeightEs
                0x08002f54       0x24 ./Application/User/generated/Screen2ViewBase.o
                0x08002f54                touchgfx::TextArea::setHeight(short)
 .text._ZNK8touchgfx8TextArea12getSolidRectEv
                0x08002f78        0xc ./Application/User/generated/Screen2ViewBase.o
                0x08002f78                touchgfx::TextArea::getSolidRect() const
 .text._ZN8touchgfx8TextArea8setAlphaEh
                0x08002f84        0x6 ./Application/User/generated/Screen2ViewBase.o
                0x08002f84                touchgfx::TextArea::setAlpha(unsigned char)
 .text._ZN8touchgfx8TextArea13setXBaselineYEss
                0x08002f8a       0x1a ./Application/User/generated/Screen2ViewBase.o
                0x08002f8a                touchgfx::TextArea::setXBaselineY(short, short)
 .text._ZNK8touchgfx8TextArea12getWildcard2Ev
                0x08002fa4        0x4 ./Application/User/generated/Screen2ViewBase.o
                0x08002fa4                touchgfx::TextArea::getWildcard2() const
 .text._ZNK8touchgfx23TextAreaWithOneWildcard12getWildcard1Ev
                0x08002fa8        0x4 ./Application/User/generated/Screen2ViewBase.o
                0x08002fa8                touchgfx::TextAreaWithOneWildcard::getWildcard1() const
 .text._ZN15Screen2ViewBase7action1Ev
                0x08002fac        0x2 ./Application/User/generated/Screen2ViewBase.o
                0x08002fac                Screen2ViewBase::action1()
 .text._ZN15Screen2ViewBase7newGameEv
                0x08002fae        0x2 ./Application/User/generated/Screen2ViewBase.o
                0x08002fae                Screen2ViewBase::newGame()
 .text._ZN15Screen2ViewBase9tickEventEv
                0x08002fb0        0x2 ./Application/User/generated/Screen2ViewBase.o
                0x08002fb0                Screen2ViewBase::tickEvent()
 .text._ZN8touchgfx23TextAreaWithOneWildcardD2Ev
                0x08002fb2        0x2 ./Application/User/generated/Screen2ViewBase.o
                0x08002fb2                touchgfx::TextAreaWithOneWildcard::~TextAreaWithOneWildcard()
                0x08002fb2                touchgfx::TextAreaWithOneWildcard::~TextAreaWithOneWildcard()
 .text._ZN8touchgfx24BoxWithBorderButtonStyleINS_18ClickButtonTriggerEED2Ev
                0x08002fb4        0x2 ./Application/User/generated/Screen2ViewBase.o
                0x08002fb4                touchgfx::BoxWithBorderButtonStyle<touchgfx::ClickButtonTrigger>::~BoxWithBorderButtonStyle()
                0x08002fb4                touchgfx::BoxWithBorderButtonStyle<touchgfx::ClickButtonTrigger>::~BoxWithBorderButtonStyle()
 .text._ZN8touchgfx15TextButtonStyleINS_24BoxWithBorderButtonStyleINS_18ClickButtonTriggerEEEED2Ev
                0x08002fb6        0x2 ./Application/User/generated/Screen2ViewBase.o
                0x08002fb6                touchgfx::TextButtonStyle<touchgfx::BoxWithBorderButtonStyle<touchgfx::ClickButtonTrigger> >::~TextButtonStyle()
                0x08002fb6                touchgfx::TextButtonStyle<touchgfx::BoxWithBorderButtonStyle<touchgfx::ClickButtonTrigger> >::~TextButtonStyle()
 .text._ZN8touchgfx8CallbackI15Screen2ViewBaseRKNS_23AbstractButtonContainerEvvED2Ev
                0x08002fb8        0x2 ./Application/User/generated/Screen2ViewBase.o
                0x08002fb8                touchgfx::Callback<Screen2ViewBase, touchgfx::AbstractButtonContainer const&, void, void>::~Callback()
                0x08002fb8                touchgfx::Callback<Screen2ViewBase, touchgfx::AbstractButtonContainer const&, void, void>::~Callback()
 .text._ZN15Screen2ViewBaseD2Ev
                0x08002fba        0x2 ./Application/User/generated/Screen2ViewBase.o
                0x08002fba                Screen2ViewBase::~Screen2ViewBase()
                0x08002fba                Screen2ViewBase::~Screen2ViewBase()
 .text._ZN15Screen2ViewBase11setupScreenEv
                0x08002fbc        0x2 ./Application/User/generated/Screen2ViewBase.o
                0x08002fbc                Screen2ViewBase::setupScreen()
 .text._ZN15Screen2ViewBase15handleTickEventEv
                0x08002fbe        0x6 ./Application/User/generated/Screen2ViewBase.o
                0x08002fbe                Screen2ViewBase::handleTickEvent()
 .text._ZN8touchgfx24BoxWithBorderButtonStyleINS_18ClickButtonTriggerEE20handlePressedUpdatedEv
                0x08002fc4       0x26 ./Application/User/generated/Screen2ViewBase.o
                0x08002fc4                touchgfx::BoxWithBorderButtonStyle<touchgfx::ClickButtonTrigger>::handlePressedUpdated()
 .text._ZN8touchgfx15TextButtonStyleINS_24BoxWithBorderButtonStyleINS_18ClickButtonTriggerEEEE20handlePressedUpdatedEv
                0x08002fea       0x1e ./Application/User/generated/Screen2ViewBase.o
                0x08002fea                touchgfx::TextButtonStyle<touchgfx::BoxWithBorderButtonStyle<touchgfx::ClickButtonTrigger> >::handlePressedUpdated()
 .text._ZN8touchgfx8CallbackI15Screen2ViewBaseRKNS_23AbstractButtonContainerEvvE7executeES4_
                0x08003008       0x1e ./Application/User/generated/Screen2ViewBase.o
                0x08003008                touchgfx::Callback<Screen2ViewBase, touchgfx::AbstractButtonContainer const&, void, void>::execute(touchgfx::AbstractButtonContainer const&)
 .text._ZNK8touchgfx8CallbackI15Screen2ViewBaseRKNS_23AbstractButtonContainerEvvE7isValidEv
                0x08003026       0x16 ./Application/User/generated/Screen2ViewBase.o
                0x08003026                touchgfx::Callback<Screen2ViewBase, touchgfx::AbstractButtonContainer const&, void, void>::isValid() const
 .text._ZN8touchgfx15TextButtonStyleINS_24BoxWithBorderButtonStyleINS_18ClickButtonTriggerEEEE18handleAlphaUpdatedEv
                0x0800303c        0xe ./Application/User/generated/Screen2ViewBase.o
                0x0800303c                touchgfx::TextButtonStyle<touchgfx::BoxWithBorderButtonStyle<touchgfx::ClickButtonTrigger> >::handleAlphaUpdated()
 .text._ZN8touchgfx24BoxWithBorderButtonStyleINS_18ClickButtonTriggerEE18handleAlphaUpdatedEv
                0x0800304a        0xa ./Application/User/generated/Screen2ViewBase.o
                0x0800304a                touchgfx::BoxWithBorderButtonStyle<touchgfx::ClickButtonTrigger>::handleAlphaUpdated()
 .text._ZN8touchgfx23TextAreaWithOneWildcardD0Ev
                0x08003054        0xe ./Application/User/generated/Screen2ViewBase.o
                0x08003054                touchgfx::TextAreaWithOneWildcard::~TextAreaWithOneWildcard()
 .text._ZN8touchgfx24BoxWithBorderButtonStyleINS_18ClickButtonTriggerEED0Ev
                0x08003062        0xe ./Application/User/generated/Screen2ViewBase.o
                0x08003062                touchgfx::BoxWithBorderButtonStyle<touchgfx::ClickButtonTrigger>::~BoxWithBorderButtonStyle()
 .text._ZN8touchgfx15TextButtonStyleINS_24BoxWithBorderButtonStyleINS_18ClickButtonTriggerEEEED0Ev
                0x08003070        0xe ./Application/User/generated/Screen2ViewBase.o
                0x08003070                touchgfx::TextButtonStyle<touchgfx::BoxWithBorderButtonStyle<touchgfx::ClickButtonTrigger> >::~TextButtonStyle()
 .text._ZN8touchgfx8CallbackI15Screen2ViewBaseRKNS_23AbstractButtonContainerEvvED0Ev
                0x0800307e        0xe ./Application/User/generated/Screen2ViewBase.o
                0x0800307e                touchgfx::Callback<Screen2ViewBase, touchgfx::AbstractButtonContainer const&, void, void>::~Callback()
 .text._ZN15Screen2ViewBaseD0Ev
                0x0800308c       0x10 ./Application/User/generated/Screen2ViewBase.o
                0x0800308c                Screen2ViewBase::~Screen2ViewBase()
 .text._ZNK8touchgfx24TextAreaWithWildcardBase17invalidateContentEv
                0x0800309c        0x8 ./Application/User/generated/Screen2ViewBase.o
                0x0800309c                touchgfx::TextAreaWithWildcardBase::invalidateContent() const
 .text._ZN8touchgfx8TextArea12setBaselineYEs
                0x080030a4       0x6c ./Application/User/generated/Screen2ViewBase.o
                0x080030a4                touchgfx::TextArea::setBaselineY(short)
 .text._ZN8touchgfx18ClickButtonTrigger16handleClickEventERKNS_10ClickEventE
                0x08003110       0x4a ./Application/User/generated/Screen2ViewBase.o
                0x08003110                touchgfx::ClickButtonTrigger::handleClickEvent(touchgfx::ClickEvent const&)
 .text._ZN15Screen2ViewBase25flexButtonCallbackHandlerERKN8touchgfx23AbstractButtonContainerE
                0x0800315a       0x4c ./Application/User/generated/Screen2ViewBase.o
                0x0800315a                Screen2ViewBase::flexButtonCallbackHandler(touchgfx::AbstractButtonContainer const&)
 *fill*         0x080031a6        0x2 
 .text._ZN8touchgfx9ContainerC2Ev
                0x080031a8       0x24 ./Application/User/generated/Screen2ViewBase.o
                0x080031a8                touchgfx::Container::Container()
                0x080031a8                touchgfx::Container::Container()
 .text._ZN8touchgfx8TextArea12BoundingAreaC2Ev
                0x080031cc        0xe ./Application/User/generated/Screen2ViewBase.o
                0x080031cc                touchgfx::TextArea::BoundingArea::BoundingArea()