C:/TouchGFXProjects/2048-project/Core/Src/main.c:989:13:SPI5_Write	16	static
C:/TouchGFXProjects/2048-project/Core/Src/main.c:1101:6:StartDefaultTask	8	static
C:/TouchGFXProjects/2048-project/Core/Src/main.c:253:6:SystemClock_Config	96	static
C:/TouchGFXProjects/2048-project/Core/Src/main.c:158:5:main	120	static
C:/TouchGFXProjects/2048-project/Core/Src/main.c:833:6:IOE_Init	0	static
C:/TouchGFXProjects/2048-project/Core/Src/main.c:842:6:IOE_ITConfig	0	static
C:/TouchGFXProjects/2048-project/Core/Src/main.c:854:6:IOE_Write	32	static
C:/TouchGFXProjects/2048-project/Core/Src/main.c:865:9:IOE_Read	32	static
C:/TouchGFXProjects/2048-project/Core/Src/main.c:878:10:IOE_ReadMultiple	24	static
C:/TouchGFXProjects/2048-project/Core/Src/main.c:887:6:IOE_Delay	0	static
C:/TouchGFXProjects/2048-project/Core/Src/main.c:1015:6:LCD_IO_Init	8	static
C:/TouchGFXProjects/2048-project/Core/Src/main.c:1025:6:LCD_IO_WriteData	16	static
C:/TouchGFXProjects/2048-project/Core/Src/main.c:1041:6:LCD_IO_WriteReg	16	static
C:/TouchGFXProjects/2048-project/Core/Src/main.c:1060:10:LCD_IO_ReadData	32	static
C:/TouchGFXProjects/2048-project/Core/Src/main.c:1087:6:LCD_Delay	0	static
C:/TouchGFXProjects/2048-project/Core/Src/main.c:1120:6:HAL_TIM_PeriodElapsedCallback	0	static
C:/TouchGFXProjects/2048-project/Core/Src/main.c:1138:6:Error_Handler	0	static
