C:/TouchGFXProjects/2048-project/Core/Src/main.c:1056:13:SPI5_Write	16	static
C:/TouchGFXProjects/2048-project/Core/Src/main.c:264:6:SystemClock_Config	96	static
C:/TouchGFXProjects/2048-project/Core/Src/main.c:167:5:main	120	static
C:/TouchGFXProjects/2048-project/Core/Src/main.c:900:6:IOE_Init	0	static
C:/TouchGFXProjects/2048-project/Core/Src/main.c:909:6:IOE_ITConfig	0	static
C:/TouchGFXProjects/2048-project/Core/Src/main.c:921:6:IOE_Write	32	static
C:/TouchGFXProjects/2048-project/Core/Src/main.c:932:9:IOE_Read	32	static
C:/TouchGFXProjects/2048-project/Core/Src/main.c:945:10:IOE_ReadMultiple	24	static
C:/TouchGFXProjects/2048-project/Core/Src/main.c:954:6:IOE_Delay	0	static
C:/TouchGFXProjects/2048-project/Core/Src/main.c:1082:6:LCD_IO_Init	8	static
C:/TouchGFXProjects/2048-project/Core/Src/main.c:1092:6:LCD_IO_WriteData	16	static
C:/TouchGFXProjects/2048-project/Core/Src/main.c:1108:6:LCD_IO_WriteReg	16	static
C:/TouchGFXProjects/2048-project/Core/Src/main.c:1127:10:LCD_IO_ReadData	32	static
C:/TouchGFXProjects/2048-project/Core/Src/main.c:1154:6:LCD_Delay	0	static
C:/TouchGFXProjects/2048-project/Core/Src/main.c:1159:6:getDirection	8	static
C:/TouchGFXProjects/2048-project/Core/Src/main.c:1190:6:StartDefaultTask	32	static
C:/TouchGFXProjects/2048-project/Core/Src/main.c:1232:6:HAL_TIM_PeriodElapsedCallback	0	static
C:/TouchGFXProjects/2048-project/Core/Src/main.c:1250:6:Error_Handler	0	static
