C:/TouchGFXProjects/2048-project/Core/Src/main.c:1015:13:SPI5_Write	16	static
C:/TouchGFXProjects/2048-project/Core/Src/main.c:262:6:SystemClock_Config	96	static
C:/TouchGFXProjects/2048-project/Core/Src/main.c:166:5:main	120	static
C:/TouchGFXProjects/2048-project/Core/Src/main.c:859:6:IOE_Init	0	static
C:/TouchGFXProjects/2048-project/Core/Src/main.c:868:6:IOE_ITConfig	0	static
C:/TouchGFXProjects/2048-project/Core/Src/main.c:880:6:IOE_Write	32	static
C:/TouchGFXProjects/2048-project/Core/Src/main.c:891:9:IOE_Read	32	static
C:/TouchGFXProjects/2048-project/Core/Src/main.c:904:10:IOE_ReadMultiple	24	static
C:/TouchGFXProjects/2048-project/Core/Src/main.c:913:6:IOE_Delay	0	static
C:/TouchGFXProjects/2048-project/Core/Src/main.c:1041:6:LCD_IO_Init	8	static
C:/TouchGFXProjects/2048-project/Core/Src/main.c:1051:6:LCD_IO_WriteData	16	static
C:/TouchGFXProjects/2048-project/Core/Src/main.c:1067:6:LCD_IO_WriteReg	16	static
C:/TouchGFXProjects/2048-project/Core/Src/main.c:1086:10:LCD_IO_ReadData	32	static
C:/TouchGFXProjects/2048-project/Core/Src/main.c:1113:6:LCD_Delay	0	static
C:/TouchGFXProjects/2048-project/Core/Src/main.c:1118:6:getDirection	8	static
C:/TouchGFXProjects/2048-project/Core/Src/main.c:1149:6:StartDefaultTask	32	static
C:/TouchGFXProjects/2048-project/Core/Src/main.c:1191:6:HAL_TIM_PeriodElapsedCallback	0	static
C:/TouchGFXProjects/2048-project/Core/Src/main.c:1209:6:Error_Handler	0	static
