C:/TouchGFXProjects/2048-project/Core/Src/stm32f4xx_hal_msp.c:66:6:HAL_MspInit	8	static
C:/TouchGFXProjects/2048-project/Core/Src/stm32f4xx_hal_msp.c:91:6:HAL_ADC_MspInit	48	static
C:/TouchGFXProjects/2048-project/Core/Src/stm32f4xx_hal_msp.c:145:6:HAL_ADC_MspDeInit	0	static
C:/TouchGFXProjects/2048-project/Core/Src/stm32f4xx_hal_msp.c:190:6:HAL_CRC_MspInit	8	static
C:/TouchGFXProjects/2048-project/Core/Src/stm32f4xx_hal_msp.c:213:6:HAL_CRC_MspDeInit	0	static
C:/TouchGFXProjects/2048-project/Core/Src/stm32f4xx_hal_msp.c:235:6:HAL_DMA2D_MspInit	16	static
C:/TouchGFXProjects/2048-project/Core/Src/stm32f4xx_hal_msp.c:261:6:HAL_DMA2D_MspDeInit	0	static
C:/TouchGFXProjects/2048-project/Core/Src/stm32f4xx_hal_msp.c:286:6:HAL_I2C_MspInit	64	static
C:/TouchGFXProjects/2048-project/Core/Src/stm32f4xx_hal_msp.c:335:6:HAL_I2C_MspDeInit	8	static
C:/TouchGFXProjects/2048-project/Core/Src/stm32f4xx_hal_msp.c:366:6:HAL_LTDC_MspInit	120	static
C:/TouchGFXProjects/2048-project/Core/Src/stm32f4xx_hal_msp.c:492:6:HAL_LTDC_MspDeInit	8	static
C:/TouchGFXProjects/2048-project/Core/Src/stm32f4xx_hal_msp.c:554:6:HAL_RNG_MspInit	8	static
C:/TouchGFXProjects/2048-project/Core/Src/stm32f4xx_hal_msp.c:577:6:HAL_RNG_MspDeInit	0	static
C:/TouchGFXProjects/2048-project/Core/Src/stm32f4xx_hal_msp.c:599:6:HAL_SPI_MspInit	40	static
C:/TouchGFXProjects/2048-project/Core/Src/stm32f4xx_hal_msp.c:637:6:HAL_SPI_MspDeInit	0	static
C:/TouchGFXProjects/2048-project/Core/Src/stm32f4xx_hal_msp.c:667:6:HAL_TIM_PWM_MspInit	8	static
C:/TouchGFXProjects/2048-project/Core/Src/stm32f4xx_hal_msp.c:684:6:HAL_TIM_MspPostInit	32	static
C:/TouchGFXProjects/2048-project/Core/Src/stm32f4xx_hal_msp.c:716:6:HAL_TIM_PWM_MspDeInit	0	static
C:/TouchGFXProjects/2048-project/Core/Src/stm32f4xx_hal_msp.c:840:6:HAL_SDRAM_MspInit	48	static
C:/TouchGFXProjects/2048-project/Core/Src/stm32f4xx_hal_msp.c:926:6:HAL_SDRAM_MspDeInit	8	static
