../../Middlewares/ST/touchgfx/framework/include/touchgfx/Screen.hpp:104:18:virtual void touchgfx::Screen::afterTransition()	0	static
../../Middlewares/ST/touchgfx/framework/include/touchgfx/Screen.hpp:154:18:virtual void touchgfx::Screen::handleKeyEvent(uint8_t)	0	static
../../TouchGFX/generated/gui_generated/include/gui_generated/screen2_screen/Screen2ViewBase.hpp:28:18:virtual void Screen2ViewBase::action1()	0	static
C:/TouchGFXProjects/2048-project/TouchGFX/gui/src/screen2_screen/Screen2View.cpp:54:6:virtual void Screen2View::tearDownScreen()	0	static
C:/TouchGFXProjects/2048-project/TouchGFX/gui/src/screen2_screen/Screen2View.cpp:391:6:virtual void Screen2View::newGame()	0	static
../../TouchGFX/gui/include/gui/screen2_screen/Screen2View.hpp:11:13:Screen2View::~Screen2View()	8	static
../../TouchGFX/gui/include/gui/screen2_screen/Screen2View.hpp:11:13:virtual Screen2View::~Screen2View()	8	static
C:/TouchGFXProjects/2048-project/TouchGFX/gui/src/screen2_screen/Screen2View.cpp:17:1:Screen2View::Screen2View()	8	static
C:/TouchGFXProjects/2048-project/TouchGFX/gui/src/screen2_screen/Screen2View.cpp:59:6:void Screen2View::addNewTile()	32	static
C:/TouchGFXProjects/2048-project/TouchGFX/gui/src/screen2_screen/Screen2View.cpp:116:6:void Screen2View::updateBoard()	272	static
C:/TouchGFXProjects/2048-project/TouchGFX/gui/src/screen2_screen/Screen2View.cpp:226:6:bool Screen2View::slideLeft()	36	static
C:/TouchGFXProjects/2048-project/TouchGFX/gui/src/screen2_screen/Screen2View.cpp:260:6:bool Screen2View::slideRight()	36	static
C:/TouchGFXProjects/2048-project/TouchGFX/gui/src/screen2_screen/Screen2View.cpp:294:6:bool Screen2View::slideUp()	28	static
C:/TouchGFXProjects/2048-project/TouchGFX/gui/src/screen2_screen/Screen2View.cpp:328:6:bool Screen2View::slideDown()	28	static
C:/TouchGFXProjects/2048-project/TouchGFX/gui/src/screen2_screen/Screen2View.cpp:362:6:bool Screen2View::isGameOver()	12	static
C:/TouchGFXProjects/2048-project/TouchGFX/gui/src/screen2_screen/Screen2View.cpp:396:6:void Screen2View::exitGame()	8	static
C:/TouchGFXProjects/2048-project/TouchGFX/gui/src/screen2_screen/Screen2View.cpp:403:6:void Screen2View::saveBestScoreToFlash()	40	static
C:/TouchGFXProjects/2048-project/TouchGFX/gui/src/screen2_screen/Screen2View.cpp:432:6:void Screen2View::loadBestScoreFromFlash()	0	static
C:/TouchGFXProjects/2048-project/TouchGFX/gui/src/screen2_screen/Screen2View.cpp:174:6:void Screen2View::updateScore()	16	static
C:/TouchGFXProjects/2048-project/TouchGFX/gui/src/screen2_screen/Screen2View.cpp:181:6:void Screen2View::updateBestScore()	16	static
C:/TouchGFXProjects/2048-project/TouchGFX/gui/src/screen2_screen/Screen2View.cpp:27:6:virtual void Screen2View::setupScreen()	8	static
C:/TouchGFXProjects/2048-project/TouchGFX/gui/src/screen2_screen/Screen2View.cpp:195:6:virtual void Screen2View::tickEvent()	24	static
