../../Middlewares/ST/touchgfx/framework/include/touchgfx/Screen.hpp:104:18:virtual void touchgfx::Screen::afterTransition()	0	static
../../Middlewares/ST/touchgfx/framework/include/touchgfx/Screen.hpp:144:18:virtual void touchgfx::Screen::handleTickEvent()	0	static
../../TouchGFX/generated/gui_generated/include/gui_generated/screen2_screen/Screen2ViewBase.hpp:27:18:virtual void Screen2ViewBase::action1()	0	static
C:/TouchGFXProjects/2048-project/TouchGFX/gui/src/screen2_screen/Screen2View.cpp:45:6:virtual void Screen2View::tearDownScreen()	0	static
C:/TouchGFXProjects/2048-project/TouchGFX/gui/src/screen2_screen/Screen2View.cpp:373:6:virtual void Screen2View::newGame()	0	static
../../TouchGFX/gui/include/gui/screen2_screen/Screen2View.hpp:11:13:Screen2View::~Screen2View()	8	static
../../TouchGFX/gui/include/gui/screen2_screen/Screen2View.hpp:11:13:virtual Screen2View::~Screen2View()	8	static
C:/TouchGFXProjects/2048-project/TouchGFX/gui/src/screen2_screen/Screen2View.cpp:12:1:Screen2View::Screen2View()	8	static
C:/TouchGFXProjects/2048-project/TouchGFX/gui/src/screen2_screen/Screen2View.cpp:50:6:void Screen2View::addNewTile()	32	static
C:/TouchGFXProjects/2048-project/TouchGFX/gui/src/screen2_screen/Screen2View.cpp:107:6:void Screen2View::updateBoard()	272	static
C:/TouchGFXProjects/2048-project/TouchGFX/gui/src/screen2_screen/Screen2View.cpp:208:6:bool Screen2View::slideLeft()	48	static
C:/TouchGFXProjects/2048-project/TouchGFX/gui/src/screen2_screen/Screen2View.cpp:242:6:bool Screen2View::slideRight()	48	static
C:/TouchGFXProjects/2048-project/TouchGFX/gui/src/screen2_screen/Screen2View.cpp:276:6:bool Screen2View::slideUp()	36	static
C:/TouchGFXProjects/2048-project/TouchGFX/gui/src/screen2_screen/Screen2View.cpp:310:6:bool Screen2View::slideDown()	36	static
C:/TouchGFXProjects/2048-project/TouchGFX/gui/src/screen2_screen/Screen2View.cpp:344:6:bool Screen2View::isGameOver()	12	static
C:/TouchGFXProjects/2048-project/TouchGFX/gui/src/screen2_screen/Screen2View.cpp:378:6:void Screen2View::exitGame()	8	static
C:/TouchGFXProjects/2048-project/TouchGFX/gui/src/screen2_screen/Screen2View.cpp:165:6:void Screen2View::updateScore()	8	static
C:/TouchGFXProjects/2048-project/TouchGFX/gui/src/screen2_screen/Screen2View.cpp:171:6:void Screen2View::updateBestScore()	8	static
C:/TouchGFXProjects/2048-project/TouchGFX/gui/src/screen2_screen/Screen2View.cpp:22:6:virtual void Screen2View::setupScreen()	8	static
C:/TouchGFXProjects/2048-project/TouchGFX/gui/src/screen2_screen/Screen2View.cpp:181:6:virtual void Screen2View::handleKeyEvent(uint8_t)	8	static
