../../Middlewares/ST/touchgfx/framework/include/touchgfx/Screen.hpp:104:18:virtual void touchgfx::Screen::afterTransition()	0	static
../../Middlewares/ST/touchgfx/framework/include/touchgfx/Screen.hpp:144:18:virtual void touchgfx::Screen::handleTickEvent()	0	static
../../TouchGFX/generated/gui_generated/include/gui_generated/screen2_screen/Screen2ViewBase.hpp:27:18:virtual void Screen2ViewBase::action1()	0	static
C:/TouchGFXProjects/2048-project/TouchGFX/gui/src/screen2_screen/Screen2View.cpp:50:6:virtual void Screen2View::tearDownScreen()	0	static
C:/TouchGFXProjects/2048-project/TouchGFX/gui/src/screen2_screen/Screen2View.cpp:381:6:virtual void Screen2View::newGame()	0	static
../../TouchGFX/gui/include/gui/screen2_screen/Screen2View.hpp:11:13:Screen2View::~Screen2View()	8	static
../../TouchGFX/gui/include/gui/screen2_screen/Screen2View.hpp:11:13:virtual Screen2View::~Screen2View()	8	static
C:/TouchGFXProjects/2048-project/TouchGFX/gui/src/screen2_screen/Screen2View.cpp:13:1:Screen2View::Screen2View()	8	static
C:/TouchGFXProjects/2048-project/TouchGFX/gui/src/screen2_screen/Screen2View.cpp:55:6:void Screen2View::addNewTile()	32	static
C:/TouchGFXProjects/2048-project/TouchGFX/gui/src/screen2_screen/Screen2View.cpp:112:6:void Screen2View::updateBoard()	272	static
C:/TouchGFXProjects/2048-project/TouchGFX/gui/src/screen2_screen/Screen2View.cpp:216:6:bool Screen2View::slideLeft()	48	static
C:/TouchGFXProjects/2048-project/TouchGFX/gui/src/screen2_screen/Screen2View.cpp:250:6:bool Screen2View::slideRight()	48	static
C:/TouchGFXProjects/2048-project/TouchGFX/gui/src/screen2_screen/Screen2View.cpp:284:6:bool Screen2View::slideUp()	36	static
C:/TouchGFXProjects/2048-project/TouchGFX/gui/src/screen2_screen/Screen2View.cpp:318:6:bool Screen2View::slideDown()	36	static
C:/TouchGFXProjects/2048-project/TouchGFX/gui/src/screen2_screen/Screen2View.cpp:352:6:bool Screen2View::isGameOver()	12	static
C:/TouchGFXProjects/2048-project/TouchGFX/gui/src/screen2_screen/Screen2View.cpp:386:6:void Screen2View::exitGame()	8	static
C:/TouchGFXProjects/2048-project/TouchGFX/gui/src/screen2_screen/Screen2View.cpp:393:6:void Screen2View::saveBestScoreToFlash()	40	static
C:/TouchGFXProjects/2048-project/TouchGFX/gui/src/screen2_screen/Screen2View.cpp:422:6:void Screen2View::loadBestScoreFromFlash()	0	static
C:/TouchGFXProjects/2048-project/TouchGFX/gui/src/screen2_screen/Screen2View.cpp:170:6:void Screen2View::updateScore()	8	static
C:/TouchGFXProjects/2048-project/TouchGFX/gui/src/screen2_screen/Screen2View.cpp:176:6:void Screen2View::updateBestScore()	16	static
C:/TouchGFXProjects/2048-project/TouchGFX/gui/src/screen2_screen/Screen2View.cpp:23:6:virtual void Screen2View::setupScreen()	8	static
C:/TouchGFXProjects/2048-project/TouchGFX/gui/src/screen2_screen/Screen2View.cpp:189:6:virtual void Screen2View::handleKeyEvent(uint8_t)	8	static
